running egg_info
creating ../../build/robot_kinematics/robot_kinematics.egg-info
writing ../../build/robot_kinematics/robot_kinematics.egg-info/PKG-INFO
writing dependency_links to ../../build/robot_kinematics/robot_kinematics.egg-info/dependency_links.txt
writing entry points to ../../build/robot_kinematics/robot_kinematics.egg-info/entry_points.txt
writing requirements to ../../build/robot_kinematics/robot_kinematics.egg-info/requires.txt
writing top-level names to ../../build/robot_kinematics/robot_kinematics.egg-info/top_level.txt
writing manifest file '../../build/robot_kinematics/robot_kinematics.egg-info/SOURCES.txt'
reading manifest file '../../build/robot_kinematics/robot_kinematics.egg-info/SOURCES.txt'
writing manifest file '../../build/robot_kinematics/robot_kinematics.egg-info/SOURCES.txt'
running build
running build_py
creating /home/robotics/Prácticas/Robotica2026-2/proyecto_ws/build/robot_kinematics/build
creating /home/robotics/Prácticas/Robotica2026-2/proyecto_ws/build/robot_kinematics/build/lib
creating /home/robotics/Prácticas/Robotica2026-2/proyecto_ws/build/robot_kinematics/build/lib/robot_kinematics
copying robot_kinematics/__init__.py -> /home/robotics/Prácticas/Robotica2026-2/proyecto_ws/build/robot_kinematics/build/lib/robot_kinematics
copying robot_kinematics/kinematics.py -> /home/robotics/Prácticas/Robotica2026-2/proyecto_ws/build/robot_kinematics/build/lib/robot_kinematics
copying robot_kinematics/robot_trajectory_publisher.py -> /home/robotics/Prácticas/Robotica2026-2/proyecto_ws/build/robot_kinematics/build/lib/robot_kinematics
copying robot_kinematics/robot_final_pos_publisher.py -> /home/robotics/Prácticas/Robotica2026-2/proyecto_ws/build/robot_kinematics/build/lib/robot_kinematics
running install
running install_lib
creating /home/robotics/Prácticas/Robotica2026-2/proyecto_ws/install/robot_kinematics/lib/python3.12/site-packages/robot_kinematics
copying /home/robotics/Prácticas/Robotica2026-2/proyecto_ws/build/robot_kinematics/build/lib/robot_kinematics/__init__.py -> /home/robotics/Prácticas/Robotica2026-2/proyecto_ws/install/robot_kinematics/lib/python3.12/site-packages/robot_kinematics
copying /home/robotics/Prácticas/Robotica2026-2/proyecto_ws/build/robot_kinematics/build/lib/robot_kinematics/kinematics.py -> /home/robotics/Prácticas/Robotica2026-2/proyecto_ws/install/robot_kinematics/lib/python3.12/site-packages/robot_kinematics
copying /home/robotics/Prácticas/Robotica2026-2/proyecto_ws/build/robot_kinematics/build/lib/robot_kinematics/robot_trajectory_publisher.py -> /home/robotics/Prácticas/Robotica2026-2/proyecto_ws/install/robot_kinematics/lib/python3.12/site-packages/robot_kinematics
copying /home/robotics/Prácticas/Robotica2026-2/proyecto_ws/build/robot_kinematics/build/lib/robot_kinematics/robot_final_pos_publisher.py -> /home/robotics/Prácticas/Robotica2026-2/proyecto_ws/install/robot_kinematics/lib/python3.12/site-packages/robot_kinematics
byte-compiling /home/robotics/Prácticas/Robotica2026-2/proyecto_ws/install/robot_kinematics/lib/python3.12/site-packages/robot_kinematics/__init__.py to __init__.cpython-312.pyc
byte-compiling /home/robotics/Prácticas/Robotica2026-2/proyecto_ws/install/robot_kinematics/lib/python3.12/site-packages/robot_kinematics/kinematics.py to kinematics.cpython-312.pyc
byte-compiling /home/robotics/Prácticas/Robotica2026-2/proyecto_ws/install/robot_kinematics/lib/python3.12/site-packages/robot_kinematics/robot_trajectory_publisher.py to robot_trajectory_publisher.cpython-312.pyc
byte-compiling /home/robotics/Prácticas/Robotica2026-2/proyecto_ws/install/robot_kinematics/lib/python3.12/site-packages/robot_kinematics/robot_final_pos_publisher.py to robot_final_pos_publisher.cpython-312.pyc
running install_data
creating /home/robotics/Prácticas/Robotica2026-2/proyecto_ws/install/robot_kinematics/share/ament_index
creating /home/robotics/Prácticas/Robotica2026-2/proyecto_ws/install/robot_kinematics/share/ament_index/resource_index
creating /home/robotics/Prácticas/Robotica2026-2/proyecto_ws/install/robot_kinematics/share/ament_index/resource_index/packages
copying resource/robot_kinematics -> /home/robotics/Prácticas/Robotica2026-2/proyecto_ws/install/robot_kinematics/share/ament_index/resource_index/packages
copying package.xml -> /home/robotics/Prácticas/Robotica2026-2/proyecto_ws/install/robot_kinematics/share/robot_kinematics
running install_egg_info
Copying ../../build/robot_kinematics/robot_kinematics.egg-info to /home/robotics/Prácticas/Robotica2026-2/proyecto_ws/install/robot_kinematics/lib/python3.12/site-packages/robot_kinematics-0.0.0-py3.12.egg-info
running install_scripts
Installing trajectory_publisher script to /home/robotics/Prácticas/Robotica2026-2/proyecto_ws/install/robot_kinematics/lib/robot_kinematics
writing list of installed files to '/home/robotics/Prácticas/Robotica2026-2/proyecto_ws/build/robot_kinematics/install.log'
