[7.128s] Invoking command in '/home/robotics/Prácticas/Robotica2026-2/proyecto_ws/src/robot_description': DEBUGINFOD_URLS=https://debuginfod.ubuntu.com PYTHONPATH=/home/robotics/Prácticas/Robotica2026-2/proyecto_ws/build/robot_description/prefix_override:/usr/lib/python3/dist-packages/colcon_core/task/python/colcon_distutils_commands:/home/robotics/Prácticas/Robotica2026-2/proyecto_ws/install/robot_description/lib/python3.12/site-packages:${PYTHONPATH} /usr/bin/python3 -W ignore:setup.py install is deprecated -W ignore:easy_install command is deprecated setup.py egg_info --egg-base ../../build/robot_description build --build-base /home/robotics/Prácticas/Robotica2026-2/proyecto_ws/build/robot_description/build install --record /home/robotics/Prácticas/Robotica2026-2/proyecto_ws/build/robot_description/install.log --single-version-externally-managed install_data
[7.515s] running egg_info
[7.515s] creating ../../build/robot_description/robot_description.egg-info
[7.544s] writing ../../build/robot_description/robot_description.egg-info/PKG-INFO
[7.546s] writing dependency_links to ../../build/robot_description/robot_description.egg-info/dependency_links.txt
[7.546s] writing requirements to ../../build/robot_description/robot_description.egg-info/requires.txt
[7.546s] writing top-level names to ../../build/robot_description/robot_description.egg-info/top_level.txt
[7.546s] writing manifest file '../../build/robot_description/robot_description.egg-info/SOURCES.txt'
[7.605s] reading manifest file '../../build/robot_description/robot_description.egg-info/SOURCES.txt'
[7.607s] writing manifest file '../../build/robot_description/robot_description.egg-info/SOURCES.txt'
[7.607s] running build
[7.608s] running build_py
[7.608s] creating /home/robotics/Prácticas/Robotica2026-2/proyecto_ws/build/robot_description/build
[7.608s] creating /home/robotics/Prácticas/Robotica2026-2/proyecto_ws/build/robot_description/build/lib
[7.608s] creating /home/robotics/Prácticas/Robotica2026-2/proyecto_ws/build/robot_description/build/lib/robot_description
[7.608s] copying robot_description/__init__.py -> /home/robotics/Prácticas/Robotica2026-2/proyecto_ws/build/robot_description/build/lib/robot_description
[7.608s] running install
[7.615s] running install_lib
[7.644s] creating /home/robotics/Prácticas/Robotica2026-2/proyecto_ws/install/robot_description/lib/python3.12/site-packages/robot_description
[7.645s] copying /home/robotics/Prácticas/Robotica2026-2/proyecto_ws/build/robot_description/build/lib/robot_description/__init__.py -> /home/robotics/Prácticas/Robotica2026-2/proyecto_ws/install/robot_description/lib/python3.12/site-packages/robot_description
[7.645s] byte-compiling /home/robotics/Prácticas/Robotica2026-2/proyecto_ws/install/robot_description/lib/python3.12/site-packages/robot_description/__init__.py to __init__.cpython-312.pyc
[7.645s] running install_data
[7.645s] creating /home/robotics/Prácticas/Robotica2026-2/proyecto_ws/install/robot_description/share/ament_index
[7.645s] creating /home/robotics/Prácticas/Robotica2026-2/proyecto_ws/install/robot_description/share/ament_index/resource_index
[7.645s] creating /home/robotics/Prácticas/Robotica2026-2/proyecto_ws/install/robot_description/share/ament_index/resource_index/packages
[7.645s] copying resource/robot_description -> /home/robotics/Prácticas/Robotica2026-2/proyecto_ws/install/robot_description/share/ament_index/resource_index/packages
[7.647s] copying package.xml -> /home/robotics/Prácticas/Robotica2026-2/proyecto_ws/install/robot_description/share/robot_description
[7.647s] creating /home/robotics/Prácticas/Robotica2026-2/proyecto_ws/install/robot_description/share/robot_description/rviz
[7.647s] copying rviz/rviz.conf.rviz -> /home/robotics/Prácticas/Robotica2026-2/proyecto_ws/install/robot_description/share/robot_description/rviz
[7.647s] creating /home/robotics/Prácticas/Robotica2026-2/proyecto_ws/install/robot_description/share/robot_description/urdf
[7.648s] error: can't copy 'urdf/robot_rrr.urdf': doesn't exist or not a regular file
[7.673s] Invoked command in '/home/robotics/Prácticas/Robotica2026-2/proyecto_ws/src/robot_description' returned '1': DEBUGINFOD_URLS=https://debuginfod.ubuntu.com PYTHONPATH=/home/robotics/Prácticas/Robotica2026-2/proyecto_ws/build/robot_description/prefix_override:/usr/lib/python3/dist-packages/colcon_core/task/python/colcon_distutils_commands:/home/robotics/Prácticas/Robotica2026-2/proyecto_ws/install/robot_description/lib/python3.12/site-packages:${PYTHONPATH} /usr/bin/python3 -W ignore:setup.py install is deprecated -W ignore:easy_install command is deprecated setup.py egg_info --egg-base ../../build/robot_description build --build-base /home/robotics/Prácticas/Robotica2026-2/proyecto_ws/build/robot_description/build install --record /home/robotics/Prácticas/Robotica2026-2/proyecto_ws/build/robot_description/install.log --single-version-externally-managed install_data
