[2.069s] DEBUG:colcon:Command line arguments: ['/usr/bin/colcon', 'build']
[2.070s] DEBUG:colcon:Parsed command line arguments: Namespace(log_base=None, log_level=None, verb_name='build', build_base='build', install_base='install', merge_install=False, symlink_install=False, test_result_base=None, continue_on_error=False, executor='parallel', parallel_workers=16, event_handlers=None, ignore_user_meta=False, metas=['./colcon.meta'], base_paths=['.'], packages_ignore=None, packages_ignore_regex=None, paths=None, packages_up_to=None, packages_up_to_regex=None, packages_above=None, packages_above_and_dependencies=None, packages_above_depth=None, packages_select_by_dep=None, packages_skip_by_dep=None, packages_skip_up_to=None, packages_select_build_failed=False, packages_skip_build_finished=False, packages_select_test_failures=False, packages_skip_test_passed=False, packages_select=None, packages_skip=None, packages_select_regex=None, packages_skip_regex=None, packages_start=None, packages_end=None, allow_overriding=[], cmake_args=None, cmake_target=None, cmake_target_skip_unavailable=False, cmake_clean_cache=False, cmake_clean_first=False, cmake_force_configure=False, ament_cmake_args=None, catkin_cmake_args=None, catkin_skip_building_tests=False, mixin_files=None, mixin=None, verb_parser=<colcon_mixin.mixin.mixin_argument.MixinArgumentDecorator object at 0x749eca9c8830>, verb_extension=<colcon_core.verb.build.BuildVerb object at 0x749eca9c8530>, main=<bound method BuildVerb.main of <colcon_core.verb.build.BuildVerb object at 0x749eca9c8530>>, mixin_verb=('build',))
[2.851s] Level 1:colcon.colcon_core.package_discovery:discover_packages(colcon_meta) check parameters
[2.852s] Level 1:colcon.colcon_core.package_discovery:discover_packages(recursive) check parameters
[2.852s] Level 1:colcon.colcon_core.package_discovery:discover_packages(ignore) check parameters
[2.852s] Level 1:colcon.colcon_core.package_discovery:discover_packages(path) check parameters
[2.852s] Level 1:colcon.colcon_core.package_discovery:discover_packages(colcon_meta) discover
[2.852s] Level 1:colcon.colcon_core.package_discovery:discover_packages(recursive) discover
[2.852s] INFO:colcon.colcon_core.package_discovery:Crawling recursively for packages in '/home/robotics/Prácticas/Robotica2026-2/proyecto_ws'
[2.852s] Level 1:colcon.colcon_core.package_identification:_identify(.) by extensions ['ignore', 'ignore_ament_install']
[2.853s] Level 1:colcon.colcon_core.package_identification:_identify(.) by extension 'ignore'
[2.853s] Level 1:colcon.colcon_core.package_identification:_identify(.) by extension 'ignore_ament_install'
[2.853s] Level 1:colcon.colcon_core.package_identification:_identify(.) by extensions ['colcon_pkg']
[2.853s] Level 1:colcon.colcon_core.package_identification:_identify(.) by extension 'colcon_pkg'
[2.853s] Level 1:colcon.colcon_core.package_identification:_identify(.) by extensions ['colcon_meta']
[2.853s] Level 1:colcon.colcon_core.package_identification:_identify(.) by extension 'colcon_meta'
[2.853s] Level 1:colcon.colcon_core.package_identification:_identify(.) by extensions ['ros']
[2.853s] Level 1:colcon.colcon_core.package_identification:_identify(.) by extension 'ros'
[3.178s] Level 1:colcon.colcon_core.package_identification:_identify(.) by extensions ['cmake', 'python']
[3.178s] Level 1:colcon.colcon_core.package_identification:_identify(.) by extension 'cmake'
[3.178s] Level 1:colcon.colcon_core.package_identification:_identify(.) by extension 'python'
[3.178s] Level 1:colcon.colcon_core.package_identification:_identify(.) by extensions ['python_setup_py']
[3.178s] Level 1:colcon.colcon_core.package_identification:_identify(.) by extension 'python_setup_py'
[3.179s] Level 1:colcon.colcon_core.package_identification:_identify(build) by extensions ['ignore', 'ignore_ament_install']
[3.179s] Level 1:colcon.colcon_core.package_identification:_identify(build) by extension 'ignore'
[3.179s] Level 1:colcon.colcon_core.package_identification:_identify(build) ignored
[3.179s] Level 1:colcon.colcon_core.package_identification:_identify(install) by extensions ['ignore', 'ignore_ament_install']
[3.180s] Level 1:colcon.colcon_core.package_identification:_identify(install) by extension 'ignore'
[3.180s] Level 1:colcon.colcon_core.package_identification:_identify(install) ignored
[3.180s] Level 1:colcon.colcon_core.package_identification:_identify(log) by extensions ['ignore', 'ignore_ament_install']
[3.180s] Level 1:colcon.colcon_core.package_identification:_identify(log) by extension 'ignore'
[3.180s] Level 1:colcon.colcon_core.package_identification:_identify(log) ignored
[3.180s] Level 1:colcon.colcon_core.package_identification:_identify(src) by extensions ['ignore', 'ignore_ament_install']
[3.181s] Level 1:colcon.colcon_core.package_identification:_identify(src) by extension 'ignore'
[3.181s] Level 1:colcon.colcon_core.package_identification:_identify(src) by extension 'ignore_ament_install'
[3.181s] Level 1:colcon.colcon_core.package_identification:_identify(src) by extensions ['colcon_pkg']
[3.181s] Level 1:colcon.colcon_core.package_identification:_identify(src) by extension 'colcon_pkg'
[3.181s] Level 1:colcon.colcon_core.package_identification:_identify(src) by extensions ['colcon_meta']
[3.181s] Level 1:colcon.colcon_core.package_identification:_identify(src) by extension 'colcon_meta'
[3.181s] Level 1:colcon.colcon_core.package_identification:_identify(src) by extensions ['ros']
[3.181s] Level 1:colcon.colcon_core.package_identification:_identify(src) by extension 'ros'
[3.182s] Level 1:colcon.colcon_core.package_identification:_identify(src) by extensions ['cmake', 'python']
[3.182s] Level 1:colcon.colcon_core.package_identification:_identify(src) by extension 'cmake'
[3.182s] Level 1:colcon.colcon_core.package_identification:_identify(src) by extension 'python'
[3.182s] Level 1:colcon.colcon_core.package_identification:_identify(src) by extensions ['python_setup_py']
[3.182s] Level 1:colcon.colcon_core.package_identification:_identify(src) by extension 'python_setup_py'
[3.182s] Level 1:colcon.colcon_core.package_identification:_identify(src/robot_bringup) by extensions ['ignore', 'ignore_ament_install']
[3.183s] Level 1:colcon.colcon_core.package_identification:_identify(src/robot_bringup) by extension 'ignore'
[3.183s] Level 1:colcon.colcon_core.package_identification:_identify(src/robot_bringup) by extension 'ignore_ament_install'
[3.183s] Level 1:colcon.colcon_core.package_identification:_identify(src/robot_bringup) by extensions ['colcon_pkg']
[3.183s] Level 1:colcon.colcon_core.package_identification:_identify(src/robot_bringup) by extension 'colcon_pkg'
[3.183s] Level 1:colcon.colcon_core.package_identification:_identify(src/robot_bringup) by extensions ['colcon_meta']
[3.183s] Level 1:colcon.colcon_core.package_identification:_identify(src/robot_bringup) by extension 'colcon_meta'
[3.183s] Level 1:colcon.colcon_core.package_identification:_identify(src/robot_bringup) by extensions ['ros']
[3.183s] Level 1:colcon.colcon_core.package_identification:_identify(src/robot_bringup) by extension 'ros'
[3.203s] DEBUG:colcon.colcon_core.package_identification:Package 'src/robot_bringup' with type 'ros.ament_python' and name 'robot_bringup'
[3.204s] Level 1:colcon.colcon_core.package_identification:_identify(src/robot_description) by extensions ['ignore', 'ignore_ament_install']
[3.204s] Level 1:colcon.colcon_core.package_identification:_identify(src/robot_description) by extension 'ignore'
[3.204s] Level 1:colcon.colcon_core.package_identification:_identify(src/robot_description) by extension 'ignore_ament_install'
[3.205s] Level 1:colcon.colcon_core.package_identification:_identify(src/robot_description) by extensions ['colcon_pkg']
[3.205s] Level 1:colcon.colcon_core.package_identification:_identify(src/robot_description) by extension 'colcon_pkg'
[3.205s] Level 1:colcon.colcon_core.package_identification:_identify(src/robot_description) by extensions ['colcon_meta']
[3.205s] Level 1:colcon.colcon_core.package_identification:_identify(src/robot_description) by extension 'colcon_meta'
[3.205s] Level 1:colcon.colcon_core.package_identification:_identify(src/robot_description) by extensions ['ros']
[3.205s] Level 1:colcon.colcon_core.package_identification:_identify(src/robot_description) by extension 'ros'
[3.207s] DEBUG:colcon.colcon_core.package_identification:Package 'src/robot_description' with type 'ros.ament_python' and name 'robot_description'
[3.208s] Level 1:colcon.colcon_core.package_identification:_identify(src/robot_kinematics) by extensions ['ignore', 'ignore_ament_install']
[3.208s] Level 1:colcon.colcon_core.package_identification:_identify(src/robot_kinematics) by extension 'ignore'
[3.209s] Level 1:colcon.colcon_core.package_identification:_identify(src/robot_kinematics) by extension 'ignore_ament_install'
[3.209s] Level 1:colcon.colcon_core.package_identification:_identify(src/robot_kinematics) by extensions ['colcon_pkg']
[3.209s] Level 1:colcon.colcon_core.package_identification:_identify(src/robot_kinematics) by extension 'colcon_pkg'
[3.209s] Level 1:colcon.colcon_core.package_identification:_identify(src/robot_kinematics) by extensions ['colcon_meta']
[3.209s] Level 1:colcon.colcon_core.package_identification:_identify(src/robot_kinematics) by extension 'colcon_meta'
[3.209s] Level 1:colcon.colcon_core.package_identification:_identify(src/robot_kinematics) by extensions ['ros']
[3.209s] Level 1:colcon.colcon_core.package_identification:_identify(src/robot_kinematics) by extension 'ros'
[3.212s] DEBUG:colcon.colcon_core.package_identification:Package 'src/robot_kinematics' with type 'ros.ament_python' and name 'robot_kinematics'
[3.212s] Level 1:colcon.colcon_core.package_discovery:discover_packages(recursive) using defaults
[3.212s] Level 1:colcon.colcon_core.package_discovery:discover_packages(ignore) discover
[3.212s] Level 1:colcon.colcon_core.package_discovery:discover_packages(ignore) using defaults
[3.212s] Level 1:colcon.colcon_core.package_discovery:discover_packages(path) discover
[3.212s] Level 1:colcon.colcon_core.package_discovery:discover_packages(path) using defaults
[3.432s] Level 1:colcon.colcon_core.package_discovery:discover_packages(prefix_path) check parameters
[3.432s] Level 1:colcon.colcon_core.package_discovery:discover_packages(prefix_path) discover
[3.475s] DEBUG:colcon.colcon_installed_package_information.package_discovery:Found 2 installed packages in /home/robotics/Prácticas/Robotica2026-2/proyecto_ws/install
[3.491s] DEBUG:colcon.colcon_installed_package_information.package_discovery:Found 292 installed packages in /opt/ros/jazzy
[3.495s] Level 1:colcon.colcon_core.package_discovery:discover_packages(prefix_path) using defaults
[4.338s] Level 5:colcon.colcon_core.verb:set package 'robot_bringup' build argument 'cmake_args' from command line to 'None'
[4.338s] Level 5:colcon.colcon_core.verb:set package 'robot_bringup' build argument 'cmake_target' from command line to 'None'
[4.338s] Level 5:colcon.colcon_core.verb:set package 'robot_bringup' build argument 'cmake_target_skip_unavailable' from command line to 'False'
[4.338s] Level 5:colcon.colcon_core.verb:set package 'robot_bringup' build argument 'cmake_clean_cache' from command line to 'False'
[4.338s] Level 5:colcon.colcon_core.verb:set package 'robot_bringup' build argument 'cmake_clean_first' from command line to 'False'
[4.339s] Level 5:colcon.colcon_core.verb:set package 'robot_bringup' build argument 'cmake_force_configure' from command line to 'False'
[4.339s] Level 5:colcon.colcon_core.verb:set package 'robot_bringup' build argument 'ament_cmake_args' from command line to 'None'
[4.339s] Level 5:colcon.colcon_core.verb:set package 'robot_bringup' build argument 'catkin_cmake_args' from command line to 'None'
[4.339s] Level 5:colcon.colcon_core.verb:set package 'robot_bringup' build argument 'catkin_skip_building_tests' from command line to 'False'
[4.339s] DEBUG:colcon.colcon_core.verb:Building package 'robot_bringup' with the following arguments: {'ament_cmake_args': None, 'build_base': '/home/robotics/Prácticas/Robotica2026-2/proyecto_ws/build/robot_bringup', 'catkin_cmake_args': None, 'catkin_skip_building_tests': False, 'cmake_args': None, 'cmake_clean_cache': False, 'cmake_clean_first': False, 'cmake_force_configure': False, 'cmake_target': None, 'cmake_target_skip_unavailable': False, 'install_base': '/home/robotics/Prácticas/Robotica2026-2/proyecto_ws/install/robot_bringup', 'merge_install': False, 'path': '/home/robotics/Prácticas/Robotica2026-2/proyecto_ws/src/robot_bringup', 'symlink_install': False, 'test_result_base': None}
[4.339s] Level 5:colcon.colcon_core.verb:set package 'robot_description' build argument 'cmake_args' from command line to 'None'
[4.339s] Level 5:colcon.colcon_core.verb:set package 'robot_description' build argument 'cmake_target' from command line to 'None'
[4.339s] Level 5:colcon.colcon_core.verb:set package 'robot_description' build argument 'cmake_target_skip_unavailable' from command line to 'False'
[4.339s] Level 5:colcon.colcon_core.verb:set package 'robot_description' build argument 'cmake_clean_cache' from command line to 'False'
[4.339s] Level 5:colcon.colcon_core.verb:set package 'robot_description' build argument 'cmake_clean_first' from command line to 'False'
[4.339s] Level 5:colcon.colcon_core.verb:set package 'robot_description' build argument 'cmake_force_configure' from command line to 'False'
[4.339s] Level 5:colcon.colcon_core.verb:set package 'robot_description' build argument 'ament_cmake_args' from command line to 'None'
[4.339s] Level 5:colcon.colcon_core.verb:set package 'robot_description' build argument 'catkin_cmake_args' from command line to 'None'
[4.340s] Level 5:colcon.colcon_core.verb:set package 'robot_description' build argument 'catkin_skip_building_tests' from command line to 'False'
[4.340s] DEBUG:colcon.colcon_core.verb:Building package 'robot_description' with the following arguments: {'ament_cmake_args': None, 'build_base': '/home/robotics/Prácticas/Robotica2026-2/proyecto_ws/build/robot_description', 'catkin_cmake_args': None, 'catkin_skip_building_tests': False, 'cmake_args': None, 'cmake_clean_cache': False, 'cmake_clean_first': False, 'cmake_force_configure': False, 'cmake_target': None, 'cmake_target_skip_unavailable': False, 'install_base': '/home/robotics/Prácticas/Robotica2026-2/proyecto_ws/install/robot_description', 'merge_install': False, 'path': '/home/robotics/Prácticas/Robotica2026-2/proyecto_ws/src/robot_description', 'symlink_install': False, 'test_result_base': None}
[4.340s] Level 5:colcon.colcon_core.verb:set package 'robot_kinematics' build argument 'cmake_args' from command line to 'None'
[4.340s] Level 5:colcon.colcon_core.verb:set package 'robot_kinematics' build argument 'cmake_target' from command line to 'None'
[4.340s] Level 5:colcon.colcon_core.verb:set package 'robot_kinematics' build argument 'cmake_target_skip_unavailable' from command line to 'False'
[4.340s] Level 5:colcon.colcon_core.verb:set package 'robot_kinematics' build argument 'cmake_clean_cache' from command line to 'False'
[4.340s] Level 5:colcon.colcon_core.verb:set package 'robot_kinematics' build argument 'cmake_clean_first' from command line to 'False'
[4.340s] Level 5:colcon.colcon_core.verb:set package 'robot_kinematics' build argument 'cmake_force_configure' from command line to 'False'
[4.340s] Level 5:colcon.colcon_core.verb:set package 'robot_kinematics' build argument 'ament_cmake_args' from command line to 'None'
[4.340s] Level 5:colcon.colcon_core.verb:set package 'robot_kinematics' build argument 'catkin_cmake_args' from command line to 'None'
[4.340s] Level 5:colcon.colcon_core.verb:set package 'robot_kinematics' build argument 'catkin_skip_building_tests' from command line to 'False'
[4.340s] DEBUG:colcon.colcon_core.verb:Building package 'robot_kinematics' with the following arguments: {'ament_cmake_args': None, 'build_base': '/home/robotics/Prácticas/Robotica2026-2/proyecto_ws/build/robot_kinematics', 'catkin_cmake_args': None, 'catkin_skip_building_tests': False, 'cmake_args': None, 'cmake_clean_cache': False, 'cmake_clean_first': False, 'cmake_force_configure': False, 'cmake_target': None, 'cmake_target_skip_unavailable': False, 'install_base': '/home/robotics/Prácticas/Robotica2026-2/proyecto_ws/install/robot_kinematics', 'merge_install': False, 'path': '/home/robotics/Prácticas/Robotica2026-2/proyecto_ws/src/robot_kinematics', 'symlink_install': False, 'test_result_base': None}
[4.341s] INFO:colcon.colcon_core.executor:Executing jobs using 'parallel' executor
[4.342s] DEBUG:colcon.colcon_parallel_executor.executor.parallel:run_until_complete
[4.343s] INFO:colcon.colcon_ros.task.ament_python.build:Building ROS package in '/home/robotics/Prácticas/Robotica2026-2/proyecto_ws/src/robot_bringup' with build type 'ament_python'
[4.343s] Level 1:colcon.colcon_core.shell:create_environment_hook('robot_bringup', 'ament_prefix_path')
[4.393s] INFO:colcon.colcon_core.plugin_system:Skipping extension 'colcon_core.shell.bat': Not used on non-Windows systems
[4.394s] INFO:colcon.colcon_core.shell:Creating environment hook '/home/robotics/Prácticas/Robotica2026-2/proyecto_ws/install/robot_bringup/share/robot_bringup/hook/ament_prefix_path.ps1'
[4.401s] INFO:colcon.colcon_core.shell:Creating environment descriptor '/home/robotics/Prácticas/Robotica2026-2/proyecto_ws/install/robot_bringup/share/robot_bringup/hook/ament_prefix_path.dsv'
[4.410s] INFO:colcon.colcon_core.shell:Creating environment hook '/home/robotics/Prácticas/Robotica2026-2/proyecto_ws/install/robot_bringup/share/robot_bringup/hook/ament_prefix_path.sh'
[4.418s] INFO:colcon.colcon_core.shell:Skip shell extension 'powershell' for command environment: Not usable outside of PowerShell
[4.419s] DEBUG:colcon.colcon_core.shell:Skip shell extension 'dsv' for command environment
[4.432s] INFO:colcon.colcon_ros.task.ament_python.build:Building ROS package in '/home/robotics/Prácticas/Robotica2026-2/proyecto_ws/src/robot_description' with build type 'ament_python'
[4.433s] Level 1:colcon.colcon_core.shell:create_environment_hook('robot_description', 'ament_prefix_path')
[4.433s] INFO:colcon.colcon_core.shell:Creating environment hook '/home/robotics/Prácticas/Robotica2026-2/proyecto_ws/install/robot_description/share/robot_description/hook/ament_prefix_path.ps1'
[4.435s] INFO:colcon.colcon_core.shell:Creating environment descriptor '/home/robotics/Prácticas/Robotica2026-2/proyecto_ws/install/robot_description/share/robot_description/hook/ament_prefix_path.dsv'
[4.436s] INFO:colcon.colcon_core.shell:Creating environment hook '/home/robotics/Prácticas/Robotica2026-2/proyecto_ws/install/robot_description/share/robot_description/hook/ament_prefix_path.sh'
[4.438s] INFO:colcon.colcon_core.shell:Skip shell extension 'powershell' for command environment: Not usable outside of PowerShell
[4.438s] DEBUG:colcon.colcon_core.shell:Skip shell extension 'dsv' for command environment
[4.445s] INFO:colcon.colcon_ros.task.ament_python.build:Building ROS package in '/home/robotics/Prácticas/Robotica2026-2/proyecto_ws/src/robot_kinematics' with build type 'ament_python'
[4.445s] Level 1:colcon.colcon_core.shell:create_environment_hook('robot_kinematics', 'ament_prefix_path')
[4.445s] INFO:colcon.colcon_core.shell:Creating environment hook '/home/robotics/Prácticas/Robotica2026-2/proyecto_ws/install/robot_kinematics/share/robot_kinematics/hook/ament_prefix_path.ps1'
[4.447s] INFO:colcon.colcon_core.shell:Creating environment descriptor '/home/robotics/Prácticas/Robotica2026-2/proyecto_ws/install/robot_kinematics/share/robot_kinematics/hook/ament_prefix_path.dsv'
[4.447s] INFO:colcon.colcon_core.shell:Creating environment hook '/home/robotics/Prácticas/Robotica2026-2/proyecto_ws/install/robot_kinematics/share/robot_kinematics/hook/ament_prefix_path.sh'
[4.448s] INFO:colcon.colcon_core.shell:Skip shell extension 'powershell' for command environment: Not usable outside of PowerShell
[4.449s] DEBUG:colcon.colcon_core.shell:Skip shell extension 'dsv' for command environment
[4.834s] INFO:colcon.colcon_core.task.python.build:Building Python package in '/home/robotics/Prácticas/Robotica2026-2/proyecto_ws/src/robot_bringup'
[4.834s] INFO:colcon.colcon_core.shell:Skip shell extension 'powershell' for command environment: Not usable outside of PowerShell
[4.834s] DEBUG:colcon.colcon_core.shell:Skip shell extension 'dsv' for command environment
[5.157s] INFO:colcon.colcon_core.task.python.build:Building Python package in '/home/robotics/Prácticas/Robotica2026-2/proyecto_ws/src/robot_description'
[5.157s] INFO:colcon.colcon_core.shell:Skip shell extension 'powershell' for command environment: Not usable outside of PowerShell
[5.157s] DEBUG:colcon.colcon_core.shell:Skip shell extension 'dsv' for command environment
[5.447s] INFO:colcon.colcon_core.task.python.build:Building Python package in '/home/robotics/Prácticas/Robotica2026-2/proyecto_ws/src/robot_kinematics'
[5.448s] INFO:colcon.colcon_core.shell:Skip shell extension 'powershell' for command environment: Not usable outside of PowerShell
[5.448s] DEBUG:colcon.colcon_core.shell:Skip shell extension 'dsv' for command environment
[12.143s] DEBUG:colcon.colcon_core.event_handler.log_command:Invoking command in '/home/robotics/Prácticas/Robotica2026-2/proyecto_ws/src/robot_kinematics': DEBUGINFOD_URLS=https://debuginfod.ubuntu.com PYTHONPATH=/home/robotics/Prácticas/Robotica2026-2/proyecto_ws/build/robot_kinematics/prefix_override:/usr/lib/python3/dist-packages/colcon_core/task/python/colcon_distutils_commands:/home/robotics/Prácticas/Robotica2026-2/proyecto_ws/install/robot_kinematics/lib/python3.12/site-packages:${PYTHONPATH} /usr/bin/python3 -W ignore:setup.py install is deprecated -W ignore:easy_install command is deprecated setup.py egg_info --egg-base ../../build/robot_kinematics build --build-base /home/robotics/Prácticas/Robotica2026-2/proyecto_ws/build/robot_kinematics/build install --record /home/robotics/Prácticas/Robotica2026-2/proyecto_ws/build/robot_kinematics/install.log --single-version-externally-managed install_data
[12.153s] DEBUG:colcon.colcon_core.event_handler.log_command:Invoking command in '/home/robotics/Prácticas/Robotica2026-2/proyecto_ws/src/robot_description': DEBUGINFOD_URLS=https://debuginfod.ubuntu.com PYTHONPATH=/home/robotics/Prácticas/Robotica2026-2/proyecto_ws/build/robot_description/prefix_override:/usr/lib/python3/dist-packages/colcon_core/task/python/colcon_distutils_commands:/home/robotics/Prácticas/Robotica2026-2/proyecto_ws/install/robot_description/lib/python3.12/site-packages:${PYTHONPATH} /usr/bin/python3 -W ignore:setup.py install is deprecated -W ignore:easy_install command is deprecated setup.py egg_info --egg-base ../../build/robot_description build --build-base /home/robotics/Prácticas/Robotica2026-2/proyecto_ws/build/robot_description/build install --record /home/robotics/Prácticas/Robotica2026-2/proyecto_ws/build/robot_description/install.log --single-version-externally-managed install_data
[12.154s] DEBUG:colcon.colcon_core.event_handler.log_command:Invoking command in '/home/robotics/Prácticas/Robotica2026-2/proyecto_ws/src/robot_bringup': DEBUGINFOD_URLS=https://debuginfod.ubuntu.com PYTHONPATH=/home/robotics/Prácticas/Robotica2026-2/proyecto_ws/build/robot_bringup/prefix_override:/usr/lib/python3/dist-packages/colcon_core/task/python/colcon_distutils_commands:/home/robotics/Prácticas/Robotica2026-2/proyecto_ws/install/robot_bringup/lib/python3.12/site-packages:${PYTHONPATH} /usr/bin/python3 -W ignore:setup.py install is deprecated -W ignore:easy_install command is deprecated setup.py egg_info --egg-base ../../build/robot_bringup build --build-base /home/robotics/Prácticas/Robotica2026-2/proyecto_ws/build/robot_bringup/build install --record /home/robotics/Prácticas/Robotica2026-2/proyecto_ws/build/robot_bringup/install.log --single-version-externally-managed install_data
[12.936s] DEBUG:colcon.colcon_core.event_handler.log_command:Invoked command in '/home/robotics/Prácticas/Robotica2026-2/proyecto_ws/src/robot_kinematics' returned '0': DEBUGINFOD_URLS=https://debuginfod.ubuntu.com PYTHONPATH=/home/robotics/Prácticas/Robotica2026-2/proyecto_ws/build/robot_kinematics/prefix_override:/usr/lib/python3/dist-packages/colcon_core/task/python/colcon_distutils_commands:/home/robotics/Prácticas/Robotica2026-2/proyecto_ws/install/robot_kinematics/lib/python3.12/site-packages:${PYTHONPATH} /usr/bin/python3 -W ignore:setup.py install is deprecated -W ignore:easy_install command is deprecated setup.py egg_info --egg-base ../../build/robot_kinematics build --build-base /home/robotics/Prácticas/Robotica2026-2/proyecto_ws/build/robot_kinematics/build install --record /home/robotics/Prácticas/Robotica2026-2/proyecto_ws/build/robot_kinematics/install.log --single-version-externally-managed install_data
[12.991s] Level 1:colcon.colcon_core.environment:checking '/home/robotics/Prácticas/Robotica2026-2/proyecto_ws/install/robot_kinematics' for CMake module files
[12.992s] Level 1:colcon.colcon_core.environment:checking '/home/robotics/Prácticas/Robotica2026-2/proyecto_ws/install/robot_kinematics' for CMake config files
[12.993s] Level 1:colcon.colcon_core.environment:checking '/home/robotics/Prácticas/Robotica2026-2/proyecto_ws/install/robot_kinematics/lib'
[12.994s] Level 1:colcon.colcon_core.environment:checking '/home/robotics/Prácticas/Robotica2026-2/proyecto_ws/install/robot_kinematics/bin'
[12.994s] Level 1:colcon.colcon_core.environment:checking '/home/robotics/Prácticas/Robotica2026-2/proyecto_ws/install/robot_kinematics/lib/pkgconfig/robot_kinematics.pc'
[12.995s] Level 1:colcon.colcon_core.environment:checking '/home/robotics/Prácticas/Robotica2026-2/proyecto_ws/install/robot_kinematics/lib/python3.12/site-packages'
[12.995s] Level 1:colcon.colcon_core.shell:create_environment_hook('robot_kinematics', 'pythonpath')
[12.996s] INFO:colcon.colcon_core.shell:Creating environment hook '/home/robotics/Prácticas/Robotica2026-2/proyecto_ws/install/robot_kinematics/share/robot_kinematics/hook/pythonpath.ps1'
[12.997s] INFO:colcon.colcon_core.shell:Creating environment descriptor '/home/robotics/Prácticas/Robotica2026-2/proyecto_ws/install/robot_kinematics/share/robot_kinematics/hook/pythonpath.dsv'
[12.998s] INFO:colcon.colcon_core.shell:Creating environment hook '/home/robotics/Prácticas/Robotica2026-2/proyecto_ws/install/robot_kinematics/share/robot_kinematics/hook/pythonpath.sh'
[13.000s] Level 1:colcon.colcon_core.environment:checking '/home/robotics/Prácticas/Robotica2026-2/proyecto_ws/install/robot_kinematics/bin'
[13.000s] Level 1:colcon.colcon_core.environment:create_environment_scripts_only(robot_kinematics)
[13.001s] INFO:colcon.colcon_core.shell:Creating package script '/home/robotics/Prácticas/Robotica2026-2/proyecto_ws/install/robot_kinematics/share/robot_kinematics/package.ps1'
[13.009s] INFO:colcon.colcon_core.shell:Creating package descriptor '/home/robotics/Prácticas/Robotica2026-2/proyecto_ws/install/robot_kinematics/share/robot_kinematics/package.dsv'
[13.016s] INFO:colcon.colcon_core.shell:Creating package script '/home/robotics/Prácticas/Robotica2026-2/proyecto_ws/install/robot_kinematics/share/robot_kinematics/package.sh'
[13.025s] INFO:colcon.colcon_core.shell:Creating package script '/home/robotics/Prácticas/Robotica2026-2/proyecto_ws/install/robot_kinematics/share/robot_kinematics/package.bash'
[13.027s] INFO:colcon.colcon_core.shell:Creating package script '/home/robotics/Prácticas/Robotica2026-2/proyecto_ws/install/robot_kinematics/share/robot_kinematics/package.zsh'
[13.035s] Level 1:colcon.colcon_core.environment:create_file_with_runtime_dependencies(/home/robotics/Prácticas/Robotica2026-2/proyecto_ws/install/robot_kinematics/share/colcon-core/packages/robot_kinematics)
[13.039s] Level 1:colcon.colcon_core.environment:checking '/home/robotics/Prácticas/Robotica2026-2/proyecto_ws/install/robot_bringup' for CMake module files
[13.040s] DEBUG:colcon.colcon_core.event_handler.log_command:Invoked command in '/home/robotics/Prácticas/Robotica2026-2/proyecto_ws/src/robot_bringup' returned '0': DEBUGINFOD_URLS=https://debuginfod.ubuntu.com PYTHONPATH=/home/robotics/Prácticas/Robotica2026-2/proyecto_ws/build/robot_bringup/prefix_override:/usr/lib/python3/dist-packages/colcon_core/task/python/colcon_distutils_commands:/home/robotics/Prácticas/Robotica2026-2/proyecto_ws/install/robot_bringup/lib/python3.12/site-packages:${PYTHONPATH} /usr/bin/python3 -W ignore:setup.py install is deprecated -W ignore:easy_install command is deprecated setup.py egg_info --egg-base ../../build/robot_bringup build --build-base /home/robotics/Prácticas/Robotica2026-2/proyecto_ws/build/robot_bringup/build install --record /home/robotics/Prácticas/Robotica2026-2/proyecto_ws/build/robot_bringup/install.log --single-version-externally-managed install_data
[13.041s] Level 1:colcon.colcon_core.environment:checking '/home/robotics/Prácticas/Robotica2026-2/proyecto_ws/install/robot_bringup' for CMake config files
[13.042s] Level 1:colcon.colcon_core.environment:checking '/home/robotics/Prácticas/Robotica2026-2/proyecto_ws/install/robot_bringup/lib'
[13.042s] Level 1:colcon.colcon_core.environment:checking '/home/robotics/Prácticas/Robotica2026-2/proyecto_ws/install/robot_bringup/bin'
[13.042s] Level 1:colcon.colcon_core.environment:checking '/home/robotics/Prácticas/Robotica2026-2/proyecto_ws/install/robot_bringup/lib/pkgconfig/robot_bringup.pc'
[13.043s] Level 1:colcon.colcon_core.environment:checking '/home/robotics/Prácticas/Robotica2026-2/proyecto_ws/install/robot_bringup/lib/python3.12/site-packages'
[13.043s] Level 1:colcon.colcon_core.shell:create_environment_hook('robot_bringup', 'pythonpath')
[13.043s] INFO:colcon.colcon_core.shell:Creating environment hook '/home/robotics/Prácticas/Robotica2026-2/proyecto_ws/install/robot_bringup/share/robot_bringup/hook/pythonpath.ps1'
[13.045s] INFO:colcon.colcon_core.shell:Creating environment descriptor '/home/robotics/Prácticas/Robotica2026-2/proyecto_ws/install/robot_bringup/share/robot_bringup/hook/pythonpath.dsv'
[13.047s] INFO:colcon.colcon_core.shell:Creating environment hook '/home/robotics/Prácticas/Robotica2026-2/proyecto_ws/install/robot_bringup/share/robot_bringup/hook/pythonpath.sh'
[13.050s] Level 1:colcon.colcon_core.environment:checking '/home/robotics/Prácticas/Robotica2026-2/proyecto_ws/install/robot_bringup/bin'
[13.050s] Level 1:colcon.colcon_core.environment:create_environment_scripts_only(robot_bringup)
[13.050s] INFO:colcon.colcon_core.shell:Creating package script '/home/robotics/Prácticas/Robotica2026-2/proyecto_ws/install/robot_bringup/share/robot_bringup/package.ps1'
[13.052s] INFO:colcon.colcon_core.shell:Creating package descriptor '/home/robotics/Prácticas/Robotica2026-2/proyecto_ws/install/robot_bringup/share/robot_bringup/package.dsv'
[13.054s] INFO:colcon.colcon_core.shell:Creating package script '/home/robotics/Prácticas/Robotica2026-2/proyecto_ws/install/robot_bringup/share/robot_bringup/package.sh'
[13.055s] INFO:colcon.colcon_core.shell:Creating package script '/home/robotics/Prácticas/Robotica2026-2/proyecto_ws/install/robot_bringup/share/robot_bringup/package.bash'
[13.057s] INFO:colcon.colcon_core.shell:Creating package script '/home/robotics/Prácticas/Robotica2026-2/proyecto_ws/install/robot_bringup/share/robot_bringup/package.zsh'
[13.058s] Level 1:colcon.colcon_core.environment:create_file_with_runtime_dependencies(/home/robotics/Prácticas/Robotica2026-2/proyecto_ws/install/robot_bringup/share/colcon-core/packages/robot_bringup)
[13.059s] Level 1:colcon.colcon_core.environment:checking '/home/robotics/Prácticas/Robotica2026-2/proyecto_ws/install/robot_description' for CMake module files
[13.061s] Level 1:colcon.colcon_core.environment:checking '/home/robotics/Prácticas/Robotica2026-2/proyecto_ws/install/robot_description' for CMake config files
[13.062s] DEBUG:colcon.colcon_core.event_handler.log_command:Invoked command in '/home/robotics/Prácticas/Robotica2026-2/proyecto_ws/src/robot_description' returned '0': DEBUGINFOD_URLS=https://debuginfod.ubuntu.com PYTHONPATH=/home/robotics/Prácticas/Robotica2026-2/proyecto_ws/build/robot_description/prefix_override:/usr/lib/python3/dist-packages/colcon_core/task/python/colcon_distutils_commands:/home/robotics/Prácticas/Robotica2026-2/proyecto_ws/install/robot_description/lib/python3.12/site-packages:${PYTHONPATH} /usr/bin/python3 -W ignore:setup.py install is deprecated -W ignore:easy_install command is deprecated setup.py egg_info --egg-base ../../build/robot_description build --build-base /home/robotics/Prácticas/Robotica2026-2/proyecto_ws/build/robot_description/build install --record /home/robotics/Prácticas/Robotica2026-2/proyecto_ws/build/robot_description/install.log --single-version-externally-managed install_data
[13.063s] Level 1:colcon.colcon_core.environment:checking '/home/robotics/Prácticas/Robotica2026-2/proyecto_ws/install/robot_description/lib'
[13.063s] Level 1:colcon.colcon_core.environment:checking '/home/robotics/Prácticas/Robotica2026-2/proyecto_ws/install/robot_description/bin'
[13.063s] Level 1:colcon.colcon_core.environment:checking '/home/robotics/Prácticas/Robotica2026-2/proyecto_ws/install/robot_description/lib/pkgconfig/robot_description.pc'
[13.064s] Level 1:colcon.colcon_core.environment:checking '/home/robotics/Prácticas/Robotica2026-2/proyecto_ws/install/robot_description/lib/python3.12/site-packages'
[13.064s] Level 1:colcon.colcon_core.shell:create_environment_hook('robot_description', 'pythonpath')
[13.064s] INFO:colcon.colcon_core.shell:Creating environment hook '/home/robotics/Prácticas/Robotica2026-2/proyecto_ws/install/robot_description/share/robot_description/hook/pythonpath.ps1'
[13.064s] INFO:colcon.colcon_core.shell:Creating environment descriptor '/home/robotics/Prácticas/Robotica2026-2/proyecto_ws/install/robot_description/share/robot_description/hook/pythonpath.dsv'
[13.066s] INFO:colcon.colcon_core.shell:Creating environment hook '/home/robotics/Prácticas/Robotica2026-2/proyecto_ws/install/robot_description/share/robot_description/hook/pythonpath.sh'
[13.068s] Level 1:colcon.colcon_core.environment:checking '/home/robotics/Prácticas/Robotica2026-2/proyecto_ws/install/robot_description/bin'
[13.068s] Level 1:colcon.colcon_core.environment:create_environment_scripts_only(robot_description)
[13.069s] INFO:colcon.colcon_core.shell:Creating package script '/home/robotics/Prácticas/Robotica2026-2/proyecto_ws/install/robot_description/share/robot_description/package.ps1'
[13.070s] INFO:colcon.colcon_core.shell:Creating package descriptor '/home/robotics/Prácticas/Robotica2026-2/proyecto_ws/install/robot_description/share/robot_description/package.dsv'
[13.071s] INFO:colcon.colcon_core.shell:Creating package script '/home/robotics/Prácticas/Robotica2026-2/proyecto_ws/install/robot_description/share/robot_description/package.sh'
[13.073s] INFO:colcon.colcon_core.shell:Creating package script '/home/robotics/Prácticas/Robotica2026-2/proyecto_ws/install/robot_description/share/robot_description/package.bash'
[13.074s] INFO:colcon.colcon_core.shell:Creating package script '/home/robotics/Prácticas/Robotica2026-2/proyecto_ws/install/robot_description/share/robot_description/package.zsh'
[13.076s] Level 1:colcon.colcon_core.environment:create_file_with_runtime_dependencies(/home/robotics/Prácticas/Robotica2026-2/proyecto_ws/install/robot_description/share/colcon-core/packages/robot_description)
[13.077s] DEBUG:colcon.colcon_parallel_executor.executor.parallel:closing loop
[13.077s] DEBUG:colcon.colcon_parallel_executor.executor.parallel:loop closed
[13.078s] DEBUG:colcon.colcon_parallel_executor.executor.parallel:run_until_complete finished with '0'
[13.078s] DEBUG:colcon.colcon_core.event_reactor:joining thread
[13.281s] INFO:colcon.colcon_core.plugin_system:Skipping extension 'colcon_notification.desktop_notification.terminal_notifier': Not used on non-Darwin systems
[13.281s] INFO:colcon.colcon_core.plugin_system:Skipping extension 'colcon_notification.desktop_notification.win32': Not used on non-Windows systems
[13.281s] INFO:colcon.colcon_notification.desktop_notification:Sending desktop notification using 'notify2'
[13.315s] DEBUG:colcon.colcon_core.event_reactor:joined thread
[13.316s] INFO:colcon.colcon_core.shell:Creating prefix script '/home/robotics/Prácticas/Robotica2026-2/proyecto_ws/install/local_setup.ps1'
[13.324s] INFO:colcon.colcon_core.shell:Creating prefix util module '/home/robotics/Prácticas/Robotica2026-2/proyecto_ws/install/_local_setup_util_ps1.py'
[13.334s] INFO:colcon.colcon_core.shell:Creating prefix chain script '/home/robotics/Prácticas/Robotica2026-2/proyecto_ws/install/setup.ps1'
[13.342s] INFO:colcon.colcon_core.shell:Creating prefix script '/home/robotics/Prácticas/Robotica2026-2/proyecto_ws/install/local_setup.sh'
[13.351s] INFO:colcon.colcon_core.shell:Creating prefix util module '/home/robotics/Prácticas/Robotica2026-2/proyecto_ws/install/_local_setup_util_sh.py'
[13.352s] INFO:colcon.colcon_core.shell:Creating prefix chain script '/home/robotics/Prácticas/Robotica2026-2/proyecto_ws/install/setup.sh'
[13.360s] INFO:colcon.colcon_core.shell:Creating prefix script '/home/robotics/Prácticas/Robotica2026-2/proyecto_ws/install/local_setup.bash'
[13.363s] INFO:colcon.colcon_core.shell:Creating prefix chain script '/home/robotics/Prácticas/Robotica2026-2/proyecto_ws/install/setup.bash'
[13.371s] INFO:colcon.colcon_core.shell:Creating prefix script '/home/robotics/Prácticas/Robotica2026-2/proyecto_ws/install/local_setup.zsh'
[13.379s] INFO:colcon.colcon_core.shell:Creating prefix chain script '/home/robotics/Prácticas/Robotica2026-2/proyecto_ws/install/setup.zsh'
