[1.952s] Invoking command in '/home/robotics/Prácticas/Robotica2026-2/proyecto_ws/src/robot_bringup': DEBUGINFOD_URLS=https://debuginfod.ubuntu.com PYTHONPATH=/home/robotics/Prácticas/Robotica2026-2/proyecto_ws/build/robot_bringup/prefix_override:/usr/lib/python3/dist-packages/colcon_core/task/python/colcon_distutils_commands:/home/robotics/Prácticas/Robotica2026-2/proyecto_ws/install/robot_bringup/lib/python3.12/site-packages:${PYTHONPATH} /usr/bin/python3 -W ignore:setup.py install is deprecated -W ignore:easy_install command is deprecated setup.py egg_info --egg-base ../../build/robot_bringup build --build-base /home/robotics/Prácticas/Robotica2026-2/proyecto_ws/build/robot_bringup/build install --record /home/robotics/Prácticas/Robotica2026-2/proyecto_ws/build/robot_bringup/install.log --single-version-externally-managed install_data
[2.333s] running egg_info
[2.365s] writing ../../build/robot_bringup/robot_bringup.egg-info/PKG-INFO
[2.366s] writing dependency_links to ../../build/robot_bringup/robot_bringup.egg-info/dependency_links.txt
[2.366s] writing requirements to ../../build/robot_bringup/robot_bringup.egg-info/requires.txt
[2.366s] writing top-level names to ../../build/robot_bringup/robot_bringup.egg-info/top_level.txt
[2.427s] reading manifest file '../../build/robot_bringup/robot_bringup.egg-info/SOURCES.txt'
[2.429s] writing manifest file '../../build/robot_bringup/robot_bringup.egg-info/SOURCES.txt'
[2.429s] running build
[2.429s] running build_py
[2.429s] running install
[2.437s] running install_lib
[2.467s] running install_data
[2.467s] copying launch/rviz_bringup.launch.py -> /home/robotics/Prácticas/Robotica2026-2/proyecto_ws/install/robot_bringup/share/robot_bringup/launch
[2.467s] running install_egg_info
[2.502s] removing '/home/robotics/Prácticas/Robotica2026-2/proyecto_ws/install/robot_bringup/lib/python3.12/site-packages/robot_bringup-0.0.0-py3.12.egg-info' (and everything under it)
[2.502s] Copying ../../build/robot_bringup/robot_bringup.egg-info to /home/robotics/Prácticas/Robotica2026-2/proyecto_ws/install/robot_bringup/lib/python3.12/site-packages/robot_bringup-0.0.0-py3.12.egg-info
[2.503s] running install_scripts
[2.700s] writing list of installed files to '/home/robotics/Prácticas/Robotica2026-2/proyecto_ws/build/robot_bringup/install.log'
[2.791s] Invoked command in '/home/robotics/Prácticas/Robotica2026-2/proyecto_ws/src/robot_bringup' returned '0': DEBUGINFOD_URLS=https://debuginfod.ubuntu.com PYTHONPATH=/home/robotics/Prácticas/Robotica2026-2/proyecto_ws/build/robot_bringup/prefix_override:/usr/lib/python3/dist-packages/colcon_core/task/python/colcon_distutils_commands:/home/robotics/Prácticas/Robotica2026-2/proyecto_ws/install/robot_bringup/lib/python3.12/site-packages:${PYTHONPATH} /usr/bin/python3 -W ignore:setup.py install is deprecated -W ignore:easy_install command is deprecated setup.py egg_info --egg-base ../../build/robot_bringup build --build-base /home/robotics/Prácticas/Robotica2026-2/proyecto_ws/build/robot_bringup/build install --record /home/robotics/Prácticas/Robotica2026-2/proyecto_ws/build/robot_bringup/install.log --single-version-externally-managed install_data
