[1.337s] Invoking command in '/home/robotics/Prácticas/Robotica2026-2/proyecto_ws/src/robot_description': DEBUGINFOD_URLS=https://debuginfod.ubuntu.com PYTHONPATH=/home/robotics/Prácticas/Robotica2026-2/proyecto_ws/build/robot_description/prefix_override:/usr/lib/python3/dist-packages/colcon_core/task/python/colcon_distutils_commands:/home/robotics/Prácticas/Robotica2026-2/proyecto_ws/install/robot_description/lib/python3.12/site-packages:${PYTHONPATH} /usr/bin/python3 -W ignore:setup.py install is deprecated -W ignore:easy_install command is deprecated setup.py egg_info --egg-base ../../build/robot_description build --build-base /home/robotics/Prácticas/Robotica2026-2/proyecto_ws/build/robot_description/build install --record /home/robotics/Prácticas/Robotica2026-2/proyecto_ws/build/robot_description/install.log --single-version-externally-managed install_data
[1.679s] running egg_info
[1.708s] writing ../../build/robot_description/robot_description.egg-info/PKG-INFO
[1.710s] writing dependency_links to ../../build/robot_description/robot_description.egg-info/dependency_links.txt
[1.711s] writing requirements to ../../build/robot_description/robot_description.egg-info/requires.txt
[1.711s] writing top-level names to ../../build/robot_description/robot_description.egg-info/top_level.txt
[1.764s] reading manifest file '../../build/robot_description/robot_description.egg-info/SOURCES.txt'
[1.766s] writing manifest file '../../build/robot_description/robot_description.egg-info/SOURCES.txt'
[1.766s] running build
[1.766s] running build_py
[1.766s] running install
[1.775s] running install_lib
[1.803s] running install_data
[1.804s] copying urdf/robot.urdf -> /home/robotics/Prácticas/Robotica2026-2/proyecto_ws/install/robot_description/share/robot_description/urdf
[1.804s] creating /home/robotics/Prácticas/Robotica2026-2/proyecto_ws/install/robot_description/share/robot_description/meshes
[1.804s] copying meshes/link.stl -> /home/robotics/Prácticas/Robotica2026-2/proyecto_ws/install/robot_description/share/robot_description/meshes
[1.804s] running install_egg_info
[1.834s] Copying ../../build/robot_description/robot_description.egg-info to /home/robotics/Prácticas/Robotica2026-2/proyecto_ws/install/robot_description/lib/python3.12/site-packages/robot_description-0.0.0-py3.12.egg-info
[1.834s] running install_scripts
[2.014s] writing list of installed files to '/home/robotics/Prácticas/Robotica2026-2/proyecto_ws/build/robot_description/install.log'
[2.049s] Invoked command in '/home/robotics/Prácticas/Robotica2026-2/proyecto_ws/src/robot_description' returned '0': DEBUGINFOD_URLS=https://debuginfod.ubuntu.com PYTHONPATH=/home/robotics/Prácticas/Robotica2026-2/proyecto_ws/build/robot_description/prefix_override:/usr/lib/python3/dist-packages/colcon_core/task/python/colcon_distutils_commands:/home/robotics/Prácticas/Robotica2026-2/proyecto_ws/install/robot_description/lib/python3.12/site-packages:${PYTHONPATH} /usr/bin/python3 -W ignore:setup.py install is deprecated -W ignore:easy_install command is deprecated setup.py egg_info --egg-base ../../build/robot_description build --build-base /home/robotics/Prácticas/Robotica2026-2/proyecto_ws/build/robot_description/build install --record /home/robotics/Prácticas/Robotica2026-2/proyecto_ws/build/robot_description/install.log --single-version-externally-managed install_data
