[0.131s] DEBUG:colcon:Command line arguments: ['/usr/bin/colcon', 'build']
[0.131s] DEBUG:colcon:Parsed command line arguments: Namespace(log_base=None, log_level=None, verb_name='build', build_base='build', install_base='install', merge_install=False, symlink_install=False, test_result_base=None, continue_on_error=False, executor='parallel', parallel_workers=16, event_handlers=None, ignore_user_meta=False, metas=['./colcon.meta'], base_paths=['.'], packages_ignore=None, packages_ignore_regex=None, paths=None, packages_up_to=None, packages_up_to_regex=None, packages_above=None, packages_above_and_dependencies=None, packages_above_depth=None, packages_select_by_dep=None, packages_skip_by_dep=None, packages_skip_up_to=None, packages_select_build_failed=False, packages_skip_build_finished=False, packages_select_test_failures=False, packages_skip_test_passed=False, packages_select=None, packages_skip=None, packages_select_regex=None, packages_skip_regex=None, packages_start=None, packages_end=None, allow_overriding=[], cmake_args=None, cmake_target=None, cmake_target_skip_unavailable=False, cmake_clean_cache=False, cmake_clean_first=False, cmake_force_configure=False, ament_cmake_args=None, catkin_cmake_args=None, catkin_skip_building_tests=False, mixin_files=None, mixin=None, verb_parser=<colcon_mixin.mixin.mixin_argument.MixinArgumentDecorator object at 0x7ac2dd1c8950>, verb_extension=<colcon_core.verb.build.BuildVerb object at 0x7ac2dd1c8740>, main=<bound method BuildVerb.main of <colcon_core.verb.build.BuildVerb object at 0x7ac2dd1c8740>>, mixin_verb=('build',))
[0.173s] Level 1:colcon.colcon_core.package_discovery:discover_packages(colcon_meta) check parameters
[0.173s] Level 1:colcon.colcon_core.package_discovery:discover_packages(recursive) check parameters
[0.173s] Level 1:colcon.colcon_core.package_discovery:discover_packages(ignore) check parameters
[0.173s] Level 1:colcon.colcon_core.package_discovery:discover_packages(path) check parameters
[0.173s] Level 1:colcon.colcon_core.package_discovery:discover_packages(colcon_meta) discover
[0.173s] Level 1:colcon.colcon_core.package_discovery:discover_packages(recursive) discover
[0.173s] INFO:colcon.colcon_core.package_discovery:Crawling recursively for packages in '/home/robotics/Prácticas/Robotica2026-2/proyecto_ws'
[0.173s] Level 1:colcon.colcon_core.package_identification:_identify(.) by extensions ['ignore', 'ignore_ament_install']
[0.173s] Level 1:colcon.colcon_core.package_identification:_identify(.) by extension 'ignore'
[0.173s] Level 1:colcon.colcon_core.package_identification:_identify(.) by extension 'ignore_ament_install'
[0.173s] Level 1:colcon.colcon_core.package_identification:_identify(.) by extensions ['colcon_pkg']
[0.173s] Level 1:colcon.colcon_core.package_identification:_identify(.) by extension 'colcon_pkg'
[0.173s] Level 1:colcon.colcon_core.package_identification:_identify(.) by extensions ['colcon_meta']
[0.173s] Level 1:colcon.colcon_core.package_identification:_identify(.) by extension 'colcon_meta'
[0.173s] Level 1:colcon.colcon_core.package_identification:_identify(.) by extensions ['ros']
[0.173s] Level 1:colcon.colcon_core.package_identification:_identify(.) by extension 'ros'
[0.202s] Level 1:colcon.colcon_core.package_identification:_identify(.) by extensions ['cmake', 'python']
[0.203s] Level 1:colcon.colcon_core.package_identification:_identify(.) by extension 'cmake'
[0.203s] Level 1:colcon.colcon_core.package_identification:_identify(.) by extension 'python'
[0.203s] Level 1:colcon.colcon_core.package_identification:_identify(.) by extensions ['python_setup_py']
[0.203s] Level 1:colcon.colcon_core.package_identification:_identify(.) by extension 'python_setup_py'
[0.203s] Level 1:colcon.colcon_core.package_identification:_identify(build) by extensions ['ignore', 'ignore_ament_install']
[0.203s] Level 1:colcon.colcon_core.package_identification:_identify(build) by extension 'ignore'
[0.203s] Level 1:colcon.colcon_core.package_identification:_identify(build) ignored
[0.203s] Level 1:colcon.colcon_core.package_identification:_identify(install) by extensions ['ignore', 'ignore_ament_install']
[0.203s] Level 1:colcon.colcon_core.package_identification:_identify(install) by extension 'ignore'
[0.204s] Level 1:colcon.colcon_core.package_identification:_identify(install) ignored
[0.204s] Level 1:colcon.colcon_core.package_identification:_identify(log) by extensions ['ignore', 'ignore_ament_install']
[0.204s] Level 1:colcon.colcon_core.package_identification:_identify(log) by extension 'ignore'
[0.204s] Level 1:colcon.colcon_core.package_identification:_identify(log) ignored
[0.204s] Level 1:colcon.colcon_core.package_identification:_identify(src) by extensions ['ignore', 'ignore_ament_install']
[0.204s] Level 1:colcon.colcon_core.package_identification:_identify(src) by extension 'ignore'
[0.204s] Level 1:colcon.colcon_core.package_identification:_identify(src) by extension 'ignore_ament_install'
[0.204s] Level 1:colcon.colcon_core.package_identification:_identify(src) by extensions ['colcon_pkg']
[0.204s] Level 1:colcon.colcon_core.package_identification:_identify(src) by extension 'colcon_pkg'
[0.205s] Level 1:colcon.colcon_core.package_identification:_identify(src) by extensions ['colcon_meta']
[0.205s] Level 1:colcon.colcon_core.package_identification:_identify(src) by extension 'colcon_meta'
[0.205s] Level 1:colcon.colcon_core.package_identification:_identify(src) by extensions ['ros']
[0.205s] Level 1:colcon.colcon_core.package_identification:_identify(src) by extension 'ros'
[0.205s] Level 1:colcon.colcon_core.package_identification:_identify(src) by extensions ['cmake', 'python']
[0.205s] Level 1:colcon.colcon_core.package_identification:_identify(src) by extension 'cmake'
[0.205s] Level 1:colcon.colcon_core.package_identification:_identify(src) by extension 'python'
[0.205s] Level 1:colcon.colcon_core.package_identification:_identify(src) by extensions ['python_setup_py']
[0.205s] Level 1:colcon.colcon_core.package_identification:_identify(src) by extension 'python_setup_py'
[0.205s] Level 1:colcon.colcon_core.package_identification:_identify(src/robot_bringup) by extensions ['ignore', 'ignore_ament_install']
[0.205s] Level 1:colcon.colcon_core.package_identification:_identify(src/robot_bringup) by extension 'ignore'
[0.205s] Level 1:colcon.colcon_core.package_identification:_identify(src/robot_bringup) by extension 'ignore_ament_install'
[0.205s] Level 1:colcon.colcon_core.package_identification:_identify(src/robot_bringup) by extensions ['colcon_pkg']
[0.205s] Level 1:colcon.colcon_core.package_identification:_identify(src/robot_bringup) by extension 'colcon_pkg'
[0.206s] Level 1:colcon.colcon_core.package_identification:_identify(src/robot_bringup) by extensions ['colcon_meta']
[0.206s] Level 1:colcon.colcon_core.package_identification:_identify(src/robot_bringup) by extension 'colcon_meta'
[0.206s] Level 1:colcon.colcon_core.package_identification:_identify(src/robot_bringup) by extensions ['ros']
[0.206s] Level 1:colcon.colcon_core.package_identification:_identify(src/robot_bringup) by extension 'ros'
[0.209s] DEBUG:colcon.colcon_core.package_identification:Package 'src/robot_bringup' with type 'ros.ament_python' and name 'robot_bringup'
[0.210s] Level 1:colcon.colcon_core.package_identification:_identify(src/robot_description) by extensions ['ignore', 'ignore_ament_install']
[0.210s] Level 1:colcon.colcon_core.package_identification:_identify(src/robot_description) by extension 'ignore'
[0.210s] Level 1:colcon.colcon_core.package_identification:_identify(src/robot_description) by extension 'ignore_ament_install'
[0.210s] Level 1:colcon.colcon_core.package_identification:_identify(src/robot_description) by extensions ['colcon_pkg']
[0.210s] Level 1:colcon.colcon_core.package_identification:_identify(src/robot_description) by extension 'colcon_pkg'
[0.210s] Level 1:colcon.colcon_core.package_identification:_identify(src/robot_description) by extensions ['colcon_meta']
[0.210s] Level 1:colcon.colcon_core.package_identification:_identify(src/robot_description) by extension 'colcon_meta'
[0.210s] Level 1:colcon.colcon_core.package_identification:_identify(src/robot_description) by extensions ['ros']
[0.210s] Level 1:colcon.colcon_core.package_identification:_identify(src/robot_description) by extension 'ros'
[0.211s] DEBUG:colcon.colcon_core.package_identification:Package 'src/robot_description' with type 'ros.ament_python' and name 'robot_description'
[0.212s] Level 1:colcon.colcon_core.package_identification:_identify(src/robot_kinematics) by extensions ['ignore', 'ignore_ament_install']
[0.212s] Level 1:colcon.colcon_core.package_identification:_identify(src/robot_kinematics) by extension 'ignore'
[0.212s] Level 1:colcon.colcon_core.package_identification:_identify(src/robot_kinematics) by extension 'ignore_ament_install'
[0.212s] Level 1:colcon.colcon_core.package_identification:_identify(src/robot_kinematics) by extensions ['colcon_pkg']
[0.212s] Level 1:colcon.colcon_core.package_identification:_identify(src/robot_kinematics) by extension 'colcon_pkg'
[0.212s] Level 1:colcon.colcon_core.package_identification:_identify(src/robot_kinematics) by extensions ['colcon_meta']
[0.212s] Level 1:colcon.colcon_core.package_identification:_identify(src/robot_kinematics) by extension 'colcon_meta'
[0.212s] Level 1:colcon.colcon_core.package_identification:_identify(src/robot_kinematics) by extensions ['ros']
[0.212s] Level 1:colcon.colcon_core.package_identification:_identify(src/robot_kinematics) by extension 'ros'
[0.212s] DEBUG:colcon.colcon_core.package_identification:Package 'src/robot_kinematics' with type 'ros.ament_python' and name 'robot_kinematics'
[0.213s] Level 1:colcon.colcon_core.package_discovery:discover_packages(recursive) using defaults
[0.213s] Level 1:colcon.colcon_core.package_discovery:discover_packages(ignore) discover
[0.213s] Level 1:colcon.colcon_core.package_discovery:discover_packages(ignore) using defaults
[0.213s] Level 1:colcon.colcon_core.package_discovery:discover_packages(path) discover
[0.213s] Level 1:colcon.colcon_core.package_discovery:discover_packages(path) using defaults
[0.233s] Level 1:colcon.colcon_core.package_discovery:discover_packages(prefix_path) check parameters
[0.233s] Level 1:colcon.colcon_core.package_discovery:discover_packages(prefix_path) discover
[0.235s] DEBUG:colcon.colcon_installed_package_information.package_discovery:Found 3 installed packages in /home/robotics/Prácticas/Robotica2026-2/proyecto_ws/install
[0.236s] DEBUG:colcon.colcon_installed_package_information.package_discovery:Found 292 installed packages in /opt/ros/jazzy
[0.238s] Level 1:colcon.colcon_core.package_discovery:discover_packages(prefix_path) using defaults
[0.284s] Level 5:colcon.colcon_core.verb:set package 'robot_bringup' build argument 'cmake_args' from command line to 'None'
[0.284s] Level 5:colcon.colcon_core.verb:set package 'robot_bringup' build argument 'cmake_target' from command line to 'None'
[0.284s] Level 5:colcon.colcon_core.verb:set package 'robot_bringup' build argument 'cmake_target_skip_unavailable' from command line to 'False'
[0.284s] Level 5:colcon.colcon_core.verb:set package 'robot_bringup' build argument 'cmake_clean_cache' from command line to 'False'
[0.284s] Level 5:colcon.colcon_core.verb:set package 'robot_bringup' build argument 'cmake_clean_first' from command line to 'False'
[0.284s] Level 5:colcon.colcon_core.verb:set package 'robot_bringup' build argument 'cmake_force_configure' from command line to 'False'
[0.284s] Level 5:colcon.colcon_core.verb:set package 'robot_bringup' build argument 'ament_cmake_args' from command line to 'None'
[0.284s] Level 5:colcon.colcon_core.verb:set package 'robot_bringup' build argument 'catkin_cmake_args' from command line to 'None'
[0.284s] Level 5:colcon.colcon_core.verb:set package 'robot_bringup' build argument 'catkin_skip_building_tests' from command line to 'False'
[0.284s] DEBUG:colcon.colcon_core.verb:Building package 'robot_bringup' with the following arguments: {'ament_cmake_args': None, 'build_base': '/home/robotics/Prácticas/Robotica2026-2/proyecto_ws/build/robot_bringup', 'catkin_cmake_args': None, 'catkin_skip_building_tests': False, 'cmake_args': None, 'cmake_clean_cache': False, 'cmake_clean_first': False, 'cmake_force_configure': False, 'cmake_target': None, 'cmake_target_skip_unavailable': False, 'install_base': '/home/robotics/Prácticas/Robotica2026-2/proyecto_ws/install/robot_bringup', 'merge_install': False, 'path': '/home/robotics/Prácticas/Robotica2026-2/proyecto_ws/src/robot_bringup', 'symlink_install': False, 'test_result_base': None}
[0.285s] Level 5:colcon.colcon_core.verb:set package 'robot_description' build argument 'cmake_args' from command line to 'None'
[0.285s] Level 5:colcon.colcon_core.verb:set package 'robot_description' build argument 'cmake_target' from command line to 'None'
[0.285s] Level 5:colcon.colcon_core.verb:set package 'robot_description' build argument 'cmake_target_skip_unavailable' from command line to 'False'
[0.285s] Level 5:colcon.colcon_core.verb:set package 'robot_description' build argument 'cmake_clean_cache' from command line to 'False'
[0.285s] Level 5:colcon.colcon_core.verb:set package 'robot_description' build argument 'cmake_clean_first' from command line to 'False'
[0.285s] Level 5:colcon.colcon_core.verb:set package 'robot_description' build argument 'cmake_force_configure' from command line to 'False'
[0.285s] Level 5:colcon.colcon_core.verb:set package 'robot_description' build argument 'ament_cmake_args' from command line to 'None'
[0.285s] Level 5:colcon.colcon_core.verb:set package 'robot_description' build argument 'catkin_cmake_args' from command line to 'None'
[0.285s] Level 5:colcon.colcon_core.verb:set package 'robot_description' build argument 'catkin_skip_building_tests' from command line to 'False'
[0.285s] DEBUG:colcon.colcon_core.verb:Building package 'robot_description' with the following arguments: {'ament_cmake_args': None, 'build_base': '/home/robotics/Prácticas/Robotica2026-2/proyecto_ws/build/robot_description', 'catkin_cmake_args': None, 'catkin_skip_building_tests': False, 'cmake_args': None, 'cmake_clean_cache': False, 'cmake_clean_first': False, 'cmake_force_configure': False, 'cmake_target': None, 'cmake_target_skip_unavailable': False, 'install_base': '/home/robotics/Prácticas/Robotica2026-2/proyecto_ws/install/robot_description', 'merge_install': False, 'path': '/home/robotics/Prácticas/Robotica2026-2/proyecto_ws/src/robot_description', 'symlink_install': False, 'test_result_base': None}
[0.285s] Level 5:colcon.colcon_core.verb:set package 'robot_kinematics' build argument 'cmake_args' from command line to 'None'
[0.285s] Level 5:colcon.colcon_core.verb:set package 'robot_kinematics' build argument 'cmake_target' from command line to 'None'
[0.285s] Level 5:colcon.colcon_core.verb:set package 'robot_kinematics' build argument 'cmake_target_skip_unavailable' from command line to 'False'
[0.285s] Level 5:colcon.colcon_core.verb:set package 'robot_kinematics' build argument 'cmake_clean_cache' from command line to 'False'
[0.285s] Level 5:colcon.colcon_core.verb:set package 'robot_kinematics' build argument 'cmake_clean_first' from command line to 'False'
[0.285s] Level 5:colcon.colcon_core.verb:set package 'robot_kinematics' build argument 'cmake_force_configure' from command line to 'False'
[0.285s] Level 5:colcon.colcon_core.verb:set package 'robot_kinematics' build argument 'ament_cmake_args' from command line to 'None'
[0.285s] Level 5:colcon.colcon_core.verb:set package 'robot_kinematics' build argument 'catkin_cmake_args' from command line to 'None'
[0.285s] Level 5:colcon.colcon_core.verb:set package 'robot_kinematics' build argument 'catkin_skip_building_tests' from command line to 'False'
[0.285s] DEBUG:colcon.colcon_core.verb:Building package 'robot_kinematics' with the following arguments: {'ament_cmake_args': None, 'build_base': '/home/robotics/Prácticas/Robotica2026-2/proyecto_ws/build/robot_kinematics', 'catkin_cmake_args': None, 'catkin_skip_building_tests': False, 'cmake_args': None, 'cmake_clean_cache': False, 'cmake_clean_first': False, 'cmake_force_configure': False, 'cmake_target': None, 'cmake_target_skip_unavailable': False, 'install_base': '/home/robotics/Prácticas/Robotica2026-2/proyecto_ws/install/robot_kinematics', 'merge_install': False, 'path': '/home/robotics/Prácticas/Robotica2026-2/proyecto_ws/src/robot_kinematics', 'symlink_install': False, 'test_result_base': None}
[0.286s] INFO:colcon.colcon_core.executor:Executing jobs using 'parallel' executor
[0.287s] DEBUG:colcon.colcon_parallel_executor.executor.parallel:run_until_complete
[0.288s] INFO:colcon.colcon_ros.task.ament_python.build:Building ROS package in '/home/robotics/Prácticas/Robotica2026-2/proyecto_ws/src/robot_bringup' with build type 'ament_python'
[0.288s] Level 1:colcon.colcon_core.shell:create_environment_hook('robot_bringup', 'ament_prefix_path')
[0.291s] INFO:colcon.colcon_core.plugin_system:Skipping extension 'colcon_core.shell.bat': Not used on non-Windows systems
[0.291s] INFO:colcon.colcon_core.shell:Creating environment hook '/home/robotics/Prácticas/Robotica2026-2/proyecto_ws/install/robot_bringup/share/robot_bringup/hook/ament_prefix_path.ps1'
[0.292s] INFO:colcon.colcon_core.shell:Creating environment descriptor '/home/robotics/Prácticas/Robotica2026-2/proyecto_ws/install/robot_bringup/share/robot_bringup/hook/ament_prefix_path.dsv'
[0.293s] INFO:colcon.colcon_core.shell:Creating environment hook '/home/robotics/Prácticas/Robotica2026-2/proyecto_ws/install/robot_bringup/share/robot_bringup/hook/ament_prefix_path.sh'
[0.294s] INFO:colcon.colcon_core.shell:Skip shell extension 'powershell' for command environment: Not usable outside of PowerShell
[0.294s] DEBUG:colcon.colcon_core.shell:Skip shell extension 'dsv' for command environment
[0.298s] INFO:colcon.colcon_ros.task.ament_python.build:Building ROS package in '/home/robotics/Prácticas/Robotica2026-2/proyecto_ws/src/robot_description' with build type 'ament_python'
[0.298s] Level 1:colcon.colcon_core.shell:create_environment_hook('robot_description', 'ament_prefix_path')
[0.298s] INFO:colcon.colcon_core.shell:Creating environment hook '/home/robotics/Prácticas/Robotica2026-2/proyecto_ws/install/robot_description/share/robot_description/hook/ament_prefix_path.ps1'
[0.299s] INFO:colcon.colcon_core.shell:Creating environment descriptor '/home/robotics/Prácticas/Robotica2026-2/proyecto_ws/install/robot_description/share/robot_description/hook/ament_prefix_path.dsv'
[0.300s] INFO:colcon.colcon_core.shell:Creating environment hook '/home/robotics/Prácticas/Robotica2026-2/proyecto_ws/install/robot_description/share/robot_description/hook/ament_prefix_path.sh'
[0.300s] INFO:colcon.colcon_core.shell:Skip shell extension 'powershell' for command environment: Not usable outside of PowerShell
[0.300s] DEBUG:colcon.colcon_core.shell:Skip shell extension 'dsv' for command environment
[0.305s] INFO:colcon.colcon_ros.task.ament_python.build:Building ROS package in '/home/robotics/Prácticas/Robotica2026-2/proyecto_ws/src/robot_kinematics' with build type 'ament_python'
[0.305s] Level 1:colcon.colcon_core.shell:create_environment_hook('robot_kinematics', 'ament_prefix_path')
[0.305s] INFO:colcon.colcon_core.shell:Creating environment hook '/home/robotics/Prácticas/Robotica2026-2/proyecto_ws/install/robot_kinematics/share/robot_kinematics/hook/ament_prefix_path.ps1'
[0.306s] INFO:colcon.colcon_core.shell:Creating environment descriptor '/home/robotics/Prácticas/Robotica2026-2/proyecto_ws/install/robot_kinematics/share/robot_kinematics/hook/ament_prefix_path.dsv'
[0.306s] INFO:colcon.colcon_core.shell:Creating environment hook '/home/robotics/Prácticas/Robotica2026-2/proyecto_ws/install/robot_kinematics/share/robot_kinematics/hook/ament_prefix_path.sh'
[0.307s] INFO:colcon.colcon_core.shell:Skip shell extension 'powershell' for command environment: Not usable outside of PowerShell
[0.307s] DEBUG:colcon.colcon_core.shell:Skip shell extension 'dsv' for command environment
[0.593s] INFO:colcon.colcon_core.task.python.build:Building Python package in '/home/robotics/Prácticas/Robotica2026-2/proyecto_ws/src/robot_bringup'
[0.594s] INFO:colcon.colcon_core.shell:Skip shell extension 'powershell' for command environment: Not usable outside of PowerShell
[0.594s] DEBUG:colcon.colcon_core.shell:Skip shell extension 'dsv' for command environment
[0.928s] INFO:colcon.colcon_core.task.python.build:Building Python package in '/home/robotics/Prácticas/Robotica2026-2/proyecto_ws/src/robot_description'
[0.928s] INFO:colcon.colcon_core.shell:Skip shell extension 'powershell' for command environment: Not usable outside of PowerShell
[0.928s] DEBUG:colcon.colcon_core.shell:Skip shell extension 'dsv' for command environment
[1.234s] INFO:colcon.colcon_core.task.python.build:Building Python package in '/home/robotics/Prácticas/Robotica2026-2/proyecto_ws/src/robot_kinematics'
[1.235s] INFO:colcon.colcon_core.shell:Skip shell extension 'powershell' for command environment: Not usable outside of PowerShell
[1.235s] DEBUG:colcon.colcon_core.shell:Skip shell extension 'dsv' for command environment
[2.089s] DEBUG:colcon.colcon_core.event_handler.log_command:Invoking command in '/home/robotics/Prácticas/Robotica2026-2/proyecto_ws/src/robot_kinematics': DEBUGINFOD_URLS=https://debuginfod.ubuntu.com PYTHONPATH=/home/robotics/Prácticas/Robotica2026-2/proyecto_ws/build/robot_kinematics/prefix_override:/usr/lib/python3/dist-packages/colcon_core/task/python/colcon_distutils_commands:/home/robotics/Prácticas/Robotica2026-2/proyecto_ws/install/robot_kinematics/lib/python3.12/site-packages:${PYTHONPATH} /usr/bin/python3 -W ignore:setup.py install is deprecated -W ignore:easy_install command is deprecated setup.py egg_info --egg-base ../../build/robot_kinematics build --build-base /home/robotics/Prácticas/Robotica2026-2/proyecto_ws/build/robot_kinematics/build install --record /home/robotics/Prácticas/Robotica2026-2/proyecto_ws/build/robot_kinematics/install.log --single-version-externally-managed install_data
[2.095s] DEBUG:colcon.colcon_core.event_handler.log_command:Invoking command in '/home/robotics/Prácticas/Robotica2026-2/proyecto_ws/src/robot_description': DEBUGINFOD_URLS=https://debuginfod.ubuntu.com PYTHONPATH=/home/robotics/Prácticas/Robotica2026-2/proyecto_ws/build/robot_description/prefix_override:/usr/lib/python3/dist-packages/colcon_core/task/python/colcon_distutils_commands:/home/robotics/Prácticas/Robotica2026-2/proyecto_ws/install/robot_description/lib/python3.12/site-packages:${PYTHONPATH} /usr/bin/python3 -W ignore:setup.py install is deprecated -W ignore:easy_install command is deprecated setup.py egg_info --egg-base ../../build/robot_description build --build-base /home/robotics/Prácticas/Robotica2026-2/proyecto_ws/build/robot_description/build install --record /home/robotics/Prácticas/Robotica2026-2/proyecto_ws/build/robot_description/install.log --single-version-externally-managed install_data
[2.098s] DEBUG:colcon.colcon_core.event_handler.log_command:Invoking command in '/home/robotics/Prácticas/Robotica2026-2/proyecto_ws/src/robot_bringup': DEBUGINFOD_URLS=https://debuginfod.ubuntu.com PYTHONPATH=/home/robotics/Prácticas/Robotica2026-2/proyecto_ws/build/robot_bringup/prefix_override:/usr/lib/python3/dist-packages/colcon_core/task/python/colcon_distutils_commands:/home/robotics/Prácticas/Robotica2026-2/proyecto_ws/install/robot_bringup/lib/python3.12/site-packages:${PYTHONPATH} /usr/bin/python3 -W ignore:setup.py install is deprecated -W ignore:easy_install command is deprecated setup.py egg_info --egg-base ../../build/robot_bringup build --build-base /home/robotics/Prácticas/Robotica2026-2/proyecto_ws/build/robot_bringup/build install --record /home/robotics/Prácticas/Robotica2026-2/proyecto_ws/build/robot_bringup/install.log --single-version-externally-managed install_data
[2.902s] DEBUG:colcon.colcon_core.event_handler.log_command:Invoked command in '/home/robotics/Prácticas/Robotica2026-2/proyecto_ws/src/robot_kinematics' returned '0': DEBUGINFOD_URLS=https://debuginfod.ubuntu.com PYTHONPATH=/home/robotics/Prácticas/Robotica2026-2/proyecto_ws/build/robot_kinematics/prefix_override:/usr/lib/python3/dist-packages/colcon_core/task/python/colcon_distutils_commands:/home/robotics/Prácticas/Robotica2026-2/proyecto_ws/install/robot_kinematics/lib/python3.12/site-packages:${PYTHONPATH} /usr/bin/python3 -W ignore:setup.py install is deprecated -W ignore:easy_install command is deprecated setup.py egg_info --egg-base ../../build/robot_kinematics build --build-base /home/robotics/Prácticas/Robotica2026-2/proyecto_ws/build/robot_kinematics/build install --record /home/robotics/Prácticas/Robotica2026-2/proyecto_ws/build/robot_kinematics/install.log --single-version-externally-managed install_data
[2.904s] Level 1:colcon.colcon_core.environment:checking '/home/robotics/Prácticas/Robotica2026-2/proyecto_ws/install/robot_kinematics' for CMake module files
[2.905s] Level 1:colcon.colcon_core.environment:checking '/home/robotics/Prácticas/Robotica2026-2/proyecto_ws/install/robot_kinematics' for CMake config files
[2.906s] Level 1:colcon.colcon_core.environment:checking '/home/robotics/Prácticas/Robotica2026-2/proyecto_ws/install/robot_kinematics/lib'
[2.906s] Level 1:colcon.colcon_core.environment:checking '/home/robotics/Prácticas/Robotica2026-2/proyecto_ws/install/robot_kinematics/bin'
[2.906s] Level 1:colcon.colcon_core.environment:checking '/home/robotics/Prácticas/Robotica2026-2/proyecto_ws/install/robot_kinematics/lib/pkgconfig/robot_kinematics.pc'
[2.907s] Level 1:colcon.colcon_core.environment:checking '/home/robotics/Prácticas/Robotica2026-2/proyecto_ws/install/robot_kinematics/lib/python3.12/site-packages'
[2.907s] Level 1:colcon.colcon_core.shell:create_environment_hook('robot_kinematics', 'pythonpath')
[2.907s] INFO:colcon.colcon_core.shell:Creating environment hook '/home/robotics/Prácticas/Robotica2026-2/proyecto_ws/install/robot_kinematics/share/robot_kinematics/hook/pythonpath.ps1'
[2.908s] INFO:colcon.colcon_core.shell:Creating environment descriptor '/home/robotics/Prácticas/Robotica2026-2/proyecto_ws/install/robot_kinematics/share/robot_kinematics/hook/pythonpath.dsv'
[2.908s] INFO:colcon.colcon_core.shell:Creating environment hook '/home/robotics/Prácticas/Robotica2026-2/proyecto_ws/install/robot_kinematics/share/robot_kinematics/hook/pythonpath.sh'
[2.909s] Level 1:colcon.colcon_core.environment:checking '/home/robotics/Prácticas/Robotica2026-2/proyecto_ws/install/robot_kinematics/bin'
[2.909s] Level 1:colcon.colcon_core.environment:create_environment_scripts_only(robot_kinematics)
[2.909s] INFO:colcon.colcon_core.shell:Creating package script '/home/robotics/Prácticas/Robotica2026-2/proyecto_ws/install/robot_kinematics/share/robot_kinematics/package.ps1'
[2.910s] INFO:colcon.colcon_core.shell:Creating package descriptor '/home/robotics/Prácticas/Robotica2026-2/proyecto_ws/install/robot_kinematics/share/robot_kinematics/package.dsv'
[2.911s] INFO:colcon.colcon_core.shell:Creating package script '/home/robotics/Prácticas/Robotica2026-2/proyecto_ws/install/robot_kinematics/share/robot_kinematics/package.sh'
[2.912s] INFO:colcon.colcon_core.shell:Creating package script '/home/robotics/Prácticas/Robotica2026-2/proyecto_ws/install/robot_kinematics/share/robot_kinematics/package.bash'
[2.913s] INFO:colcon.colcon_core.shell:Creating package script '/home/robotics/Prácticas/Robotica2026-2/proyecto_ws/install/robot_kinematics/share/robot_kinematics/package.zsh'
[2.913s] Level 1:colcon.colcon_core.environment:create_file_with_runtime_dependencies(/home/robotics/Prácticas/Robotica2026-2/proyecto_ws/install/robot_kinematics/share/colcon-core/packages/robot_kinematics)
[2.917s] Level 1:colcon.colcon_core.environment:checking '/home/robotics/Prácticas/Robotica2026-2/proyecto_ws/install/robot_description' for CMake module files
[2.918s] DEBUG:colcon.colcon_core.event_handler.log_command:Invoked command in '/home/robotics/Prácticas/Robotica2026-2/proyecto_ws/src/robot_description' returned '0': DEBUGINFOD_URLS=https://debuginfod.ubuntu.com PYTHONPATH=/home/robotics/Prácticas/Robotica2026-2/proyecto_ws/build/robot_description/prefix_override:/usr/lib/python3/dist-packages/colcon_core/task/python/colcon_distutils_commands:/home/robotics/Prácticas/Robotica2026-2/proyecto_ws/install/robot_description/lib/python3.12/site-packages:${PYTHONPATH} /usr/bin/python3 -W ignore:setup.py install is deprecated -W ignore:easy_install command is deprecated setup.py egg_info --egg-base ../../build/robot_description build --build-base /home/robotics/Prácticas/Robotica2026-2/proyecto_ws/build/robot_description/build install --record /home/robotics/Prácticas/Robotica2026-2/proyecto_ws/build/robot_description/install.log --single-version-externally-managed install_data
[2.918s] Level 1:colcon.colcon_core.environment:checking '/home/robotics/Prácticas/Robotica2026-2/proyecto_ws/install/robot_description' for CMake config files
[2.919s] Level 1:colcon.colcon_core.environment:checking '/home/robotics/Prácticas/Robotica2026-2/proyecto_ws/install/robot_description/lib'
[2.919s] Level 1:colcon.colcon_core.environment:checking '/home/robotics/Prácticas/Robotica2026-2/proyecto_ws/install/robot_description/bin'
[2.919s] Level 1:colcon.colcon_core.environment:checking '/home/robotics/Prácticas/Robotica2026-2/proyecto_ws/install/robot_description/lib/pkgconfig/robot_description.pc'
[2.919s] Level 1:colcon.colcon_core.environment:checking '/home/robotics/Prácticas/Robotica2026-2/proyecto_ws/install/robot_description/lib/python3.12/site-packages'
[2.920s] Level 1:colcon.colcon_core.shell:create_environment_hook('robot_description', 'pythonpath')
[2.920s] INFO:colcon.colcon_core.shell:Creating environment hook '/home/robotics/Prácticas/Robotica2026-2/proyecto_ws/install/robot_description/share/robot_description/hook/pythonpath.ps1'
[2.920s] INFO:colcon.colcon_core.shell:Creating environment descriptor '/home/robotics/Prácticas/Robotica2026-2/proyecto_ws/install/robot_description/share/robot_description/hook/pythonpath.dsv'
[2.921s] INFO:colcon.colcon_core.shell:Creating environment hook '/home/robotics/Prácticas/Robotica2026-2/proyecto_ws/install/robot_description/share/robot_description/hook/pythonpath.sh'
[2.922s] Level 1:colcon.colcon_core.environment:checking '/home/robotics/Prácticas/Robotica2026-2/proyecto_ws/install/robot_description/bin'
[2.922s] Level 1:colcon.colcon_core.environment:create_environment_scripts_only(robot_description)
[2.922s] INFO:colcon.colcon_core.shell:Creating package script '/home/robotics/Prácticas/Robotica2026-2/proyecto_ws/install/robot_description/share/robot_description/package.ps1'
[2.922s] INFO:colcon.colcon_core.shell:Creating package descriptor '/home/robotics/Prácticas/Robotica2026-2/proyecto_ws/install/robot_description/share/robot_description/package.dsv'
[2.923s] INFO:colcon.colcon_core.shell:Creating package script '/home/robotics/Prácticas/Robotica2026-2/proyecto_ws/install/robot_description/share/robot_description/package.sh'
[2.924s] INFO:colcon.colcon_core.shell:Creating package script '/home/robotics/Prácticas/Robotica2026-2/proyecto_ws/install/robot_description/share/robot_description/package.bash'
[2.924s] INFO:colcon.colcon_core.shell:Creating package script '/home/robotics/Prácticas/Robotica2026-2/proyecto_ws/install/robot_description/share/robot_description/package.zsh'
[2.925s] Level 1:colcon.colcon_core.environment:create_file_with_runtime_dependencies(/home/robotics/Prácticas/Robotica2026-2/proyecto_ws/install/robot_description/share/colcon-core/packages/robot_description)
[2.925s] Level 1:colcon.colcon_core.environment:checking '/home/robotics/Prácticas/Robotica2026-2/proyecto_ws/install/robot_bringup' for CMake module files
[2.927s] Level 1:colcon.colcon_core.environment:checking '/home/robotics/Prácticas/Robotica2026-2/proyecto_ws/install/robot_bringup' for CMake config files
[2.927s] DEBUG:colcon.colcon_core.event_handler.log_command:Invoked command in '/home/robotics/Prácticas/Robotica2026-2/proyecto_ws/src/robot_bringup' returned '0': DEBUGINFOD_URLS=https://debuginfod.ubuntu.com PYTHONPATH=/home/robotics/Prácticas/Robotica2026-2/proyecto_ws/build/robot_bringup/prefix_override:/usr/lib/python3/dist-packages/colcon_core/task/python/colcon_distutils_commands:/home/robotics/Prácticas/Robotica2026-2/proyecto_ws/install/robot_bringup/lib/python3.12/site-packages:${PYTHONPATH} /usr/bin/python3 -W ignore:setup.py install is deprecated -W ignore:easy_install command is deprecated setup.py egg_info --egg-base ../../build/robot_bringup build --build-base /home/robotics/Prácticas/Robotica2026-2/proyecto_ws/build/robot_bringup/build install --record /home/robotics/Prácticas/Robotica2026-2/proyecto_ws/build/robot_bringup/install.log --single-version-externally-managed install_data
[2.928s] Level 1:colcon.colcon_core.environment:checking '/home/robotics/Prácticas/Robotica2026-2/proyecto_ws/install/robot_bringup/lib'
[2.928s] Level 1:colcon.colcon_core.environment:checking '/home/robotics/Prácticas/Robotica2026-2/proyecto_ws/install/robot_bringup/bin'
[2.928s] Level 1:colcon.colcon_core.environment:checking '/home/robotics/Prácticas/Robotica2026-2/proyecto_ws/install/robot_bringup/lib/pkgconfig/robot_bringup.pc'
[2.928s] Level 1:colcon.colcon_core.environment:checking '/home/robotics/Prácticas/Robotica2026-2/proyecto_ws/install/robot_bringup/lib/python3.12/site-packages'
[2.929s] Level 1:colcon.colcon_core.shell:create_environment_hook('robot_bringup', 'pythonpath')
[2.929s] INFO:colcon.colcon_core.shell:Creating environment hook '/home/robotics/Prácticas/Robotica2026-2/proyecto_ws/install/robot_bringup/share/robot_bringup/hook/pythonpath.ps1'
[2.929s] INFO:colcon.colcon_core.shell:Creating environment descriptor '/home/robotics/Prácticas/Robotica2026-2/proyecto_ws/install/robot_bringup/share/robot_bringup/hook/pythonpath.dsv'
[2.930s] INFO:colcon.colcon_core.shell:Creating environment hook '/home/robotics/Prácticas/Robotica2026-2/proyecto_ws/install/robot_bringup/share/robot_bringup/hook/pythonpath.sh'
[2.931s] Level 1:colcon.colcon_core.environment:checking '/home/robotics/Prácticas/Robotica2026-2/proyecto_ws/install/robot_bringup/bin'
[2.931s] Level 1:colcon.colcon_core.environment:create_environment_scripts_only(robot_bringup)
[2.931s] INFO:colcon.colcon_core.shell:Creating package script '/home/robotics/Prácticas/Robotica2026-2/proyecto_ws/install/robot_bringup/share/robot_bringup/package.ps1'
[2.932s] INFO:colcon.colcon_core.shell:Creating package descriptor '/home/robotics/Prácticas/Robotica2026-2/proyecto_ws/install/robot_bringup/share/robot_bringup/package.dsv'
[2.932s] INFO:colcon.colcon_core.shell:Creating package script '/home/robotics/Prácticas/Robotica2026-2/proyecto_ws/install/robot_bringup/share/robot_bringup/package.sh'
[2.933s] INFO:colcon.colcon_core.shell:Creating package script '/home/robotics/Prácticas/Robotica2026-2/proyecto_ws/install/robot_bringup/share/robot_bringup/package.bash'
[2.933s] INFO:colcon.colcon_core.shell:Creating package script '/home/robotics/Prácticas/Robotica2026-2/proyecto_ws/install/robot_bringup/share/robot_bringup/package.zsh'
[2.933s] Level 1:colcon.colcon_core.environment:create_file_with_runtime_dependencies(/home/robotics/Prácticas/Robotica2026-2/proyecto_ws/install/robot_bringup/share/colcon-core/packages/robot_bringup)
[2.934s] DEBUG:colcon.colcon_parallel_executor.executor.parallel:closing loop
[2.934s] DEBUG:colcon.colcon_parallel_executor.executor.parallel:loop closed
[2.934s] DEBUG:colcon.colcon_parallel_executor.executor.parallel:run_until_complete finished with '0'
[2.935s] DEBUG:colcon.colcon_core.event_reactor:joining thread
[2.942s] INFO:colcon.colcon_core.plugin_system:Skipping extension 'colcon_notification.desktop_notification.terminal_notifier': Not used on non-Darwin systems
[2.943s] INFO:colcon.colcon_core.plugin_system:Skipping extension 'colcon_notification.desktop_notification.win32': Not used on non-Windows systems
[2.943s] INFO:colcon.colcon_notification.desktop_notification:Sending desktop notification using 'notify2'
[3.180s] DEBUG:colcon.colcon_core.event_reactor:joined thread
[3.180s] INFO:colcon.colcon_core.shell:Creating prefix script '/home/robotics/Prácticas/Robotica2026-2/proyecto_ws/install/local_setup.ps1'
[3.181s] INFO:colcon.colcon_core.shell:Creating prefix util module '/home/robotics/Prácticas/Robotica2026-2/proyecto_ws/install/_local_setup_util_ps1.py'
[3.183s] INFO:colcon.colcon_core.shell:Creating prefix chain script '/home/robotics/Prácticas/Robotica2026-2/proyecto_ws/install/setup.ps1'
[3.185s] INFO:colcon.colcon_core.shell:Creating prefix script '/home/robotics/Prácticas/Robotica2026-2/proyecto_ws/install/local_setup.sh'
[3.186s] INFO:colcon.colcon_core.shell:Creating prefix util module '/home/robotics/Prácticas/Robotica2026-2/proyecto_ws/install/_local_setup_util_sh.py'
[3.187s] INFO:colcon.colcon_core.shell:Creating prefix chain script '/home/robotics/Prácticas/Robotica2026-2/proyecto_ws/install/setup.sh'
[3.188s] INFO:colcon.colcon_core.shell:Creating prefix script '/home/robotics/Prácticas/Robotica2026-2/proyecto_ws/install/local_setup.bash'
[3.189s] INFO:colcon.colcon_core.shell:Creating prefix chain script '/home/robotics/Prácticas/Robotica2026-2/proyecto_ws/install/setup.bash'
[3.190s] INFO:colcon.colcon_core.shell:Creating prefix script '/home/robotics/Prácticas/Robotica2026-2/proyecto_ws/install/local_setup.zsh'
[3.192s] INFO:colcon.colcon_core.shell:Creating prefix chain script '/home/robotics/Prácticas/Robotica2026-2/proyecto_ws/install/setup.zsh'
