running egg_info
creating ../../build/robot_bringup/robot_bringup.egg-info
writing ../../build/robot_bringup/robot_bringup.egg-info/PKG-INFO
writing dependency_links to ../../build/robot_bringup/robot_bringup.egg-info/dependency_links.txt
writing requirements to ../../build/robot_bringup/robot_bringup.egg-info/requires.txt
writing top-level names to ../../build/robot_bringup/robot_bringup.egg-info/top_level.txt
writing manifest file '../../build/robot_bringup/robot_bringup.egg-info/SOURCES.txt'
reading manifest file '../../build/robot_bringup/robot_bringup.egg-info/SOURCES.txt'
writing manifest file '../../build/robot_bringup/robot_bringup.egg-info/SOURCES.txt'
running build
running build_py
creating /home/robotics/Prácticas/Robotica2026-2/proyecto_ws/build/robot_bringup/build
creating /home/robotics/Prácticas/Robotica2026-2/proyecto_ws/build/robot_bringup/build/lib
creating /home/robotics/Prácticas/Robotica2026-2/proyecto_ws/build/robot_bringup/build/lib/robot_bringup
copying robot_bringup/__init__.py -> /home/robotics/Prácticas/Robotica2026-2/proyecto_ws/build/robot_bringup/build/lib/robot_bringup
running install
running install_lib
creating /home/robotics/Prácticas/Robotica2026-2/proyecto_ws/install/robot_bringup/lib/python3.12/site-packages/robot_bringup
copying /home/robotics/Prácticas/Robotica2026-2/proyecto_ws/build/robot_bringup/build/lib/robot_bringup/__init__.py -> /home/robotics/Prácticas/Robotica2026-2/proyecto_ws/install/robot_bringup/lib/python3.12/site-packages/robot_bringup
byte-compiling /home/robotics/Prácticas/Robotica2026-2/proyecto_ws/install/robot_bringup/lib/python3.12/site-packages/robot_bringup/__init__.py to __init__.cpython-312.pyc
running install_data
creating /home/robotics/Prácticas/Robotica2026-2/proyecto_ws/install/robot_bringup/share/ament_index
creating /home/robotics/Prácticas/Robotica2026-2/proyecto_ws/install/robot_bringup/share/ament_index/resource_index
creating /home/robotics/Prácticas/Robotica2026-2/proyecto_ws/install/robot_bringup/share/ament_index/resource_index/packages
copying resource/robot_bringup -> /home/robotics/Prácticas/Robotica2026-2/proyecto_ws/install/robot_bringup/share/ament_index/resource_index/packages
copying package.xml -> /home/robotics/Prácticas/Robotica2026-2/proyecto_ws/install/robot_bringup/share/robot_bringup
creating /home/robotics/Prácticas/Robotica2026-2/proyecto_ws/install/robot_bringup/share/robot_bringup/launch
copying launch/rviz_bringup.launch.py -> /home/robotics/Prácticas/Robotica2026-2/proyecto_ws/install/robot_bringup/share/robot_bringup/launch
