[7.226s] Invoking command in '/home/robotics/Prácticas/Robotica2026-2/proyecto_ws/src/robot_bringup': DEBUGINFOD_URLS=https://debuginfod.ubuntu.com PYTHONPATH=/home/robotics/Prácticas/Robotica2026-2/proyecto_ws/build/robot_bringup/prefix_override:/usr/lib/python3/dist-packages/colcon_core/task/python/colcon_distutils_commands:/home/robotics/Prácticas/Robotica2026-2/proyecto_ws/install/robot_bringup/lib/python3.12/site-packages:${PYTHONPATH} /usr/bin/python3 -W ignore:setup.py install is deprecated -W ignore:easy_install command is deprecated setup.py egg_info --egg-base ../../build/robot_bringup build --build-base /home/robotics/Prácticas/Robotica2026-2/proyecto_ws/build/robot_bringup/build install --record /home/robotics/Prácticas/Robotica2026-2/proyecto_ws/build/robot_bringup/install.log --single-version-externally-managed install_data
[7.605s] running egg_info
[7.605s] creating ../../build/robot_bringup/robot_bringup.egg-info
[7.634s] writing ../../build/robot_bringup/robot_bringup.egg-info/PKG-INFO
[7.635s] writing dependency_links to ../../build/robot_bringup/robot_bringup.egg-info/dependency_links.txt
[7.635s] writing requirements to ../../build/robot_bringup/robot_bringup.egg-info/requires.txt
[7.635s] writing top-level names to ../../build/robot_bringup/robot_bringup.egg-info/top_level.txt
[7.635s] writing manifest file '../../build/robot_bringup/robot_bringup.egg-info/SOURCES.txt'
[7.694s] reading manifest file '../../build/robot_bringup/robot_bringup.egg-info/SOURCES.txt'
[7.696s] writing manifest file '../../build/robot_bringup/robot_bringup.egg-info/SOURCES.txt'
[7.696s] running build
[7.696s] running build_py
[7.697s] creating /home/robotics/Prácticas/Robotica2026-2/proyecto_ws/build/robot_bringup/build
[7.697s] creating /home/robotics/Prácticas/Robotica2026-2/proyecto_ws/build/robot_bringup/build/lib
[7.698s] creating /home/robotics/Prácticas/Robotica2026-2/proyecto_ws/build/robot_bringup/build/lib/robot_bringup
[7.698s] copying robot_bringup/__init__.py -> /home/robotics/Prácticas/Robotica2026-2/proyecto_ws/build/robot_bringup/build/lib/robot_bringup
[7.698s] running install
[7.705s] running install_lib
[7.734s] creating /home/robotics/Prácticas/Robotica2026-2/proyecto_ws/install/robot_bringup/lib/python3.12/site-packages/robot_bringup
[7.734s] copying /home/robotics/Prácticas/Robotica2026-2/proyecto_ws/build/robot_bringup/build/lib/robot_bringup/__init__.py -> /home/robotics/Prácticas/Robotica2026-2/proyecto_ws/install/robot_bringup/lib/python3.12/site-packages/robot_bringup
[7.734s] byte-compiling /home/robotics/Prácticas/Robotica2026-2/proyecto_ws/install/robot_bringup/lib/python3.12/site-packages/robot_bringup/__init__.py to __init__.cpython-312.pyc
[7.736s] running install_data
[7.736s] creating /home/robotics/Prácticas/Robotica2026-2/proyecto_ws/install/robot_bringup/share/ament_index
[7.736s] creating /home/robotics/Prácticas/Robotica2026-2/proyecto_ws/install/robot_bringup/share/ament_index/resource_index
[7.736s] creating /home/robotics/Prácticas/Robotica2026-2/proyecto_ws/install/robot_bringup/share/ament_index/resource_index/packages
[7.736s] copying resource/robot_bringup -> /home/robotics/Prácticas/Robotica2026-2/proyecto_ws/install/robot_bringup/share/ament_index/resource_index/packages
[7.736s] copying package.xml -> /home/robotics/Prácticas/Robotica2026-2/proyecto_ws/install/robot_bringup/share/robot_bringup
[7.736s] creating /home/robotics/Prácticas/Robotica2026-2/proyecto_ws/install/robot_bringup/share/robot_bringup/launch
[7.737s] copying launch/rviz_bringup.launch.py -> /home/robotics/Prácticas/Robotica2026-2/proyecto_ws/install/robot_bringup/share/robot_bringup/launch
[7.737s] error: can't copy 'launch/rviz_bringup_2.launch.py': doesn't exist or not a regular file
[7.764s] Invoked command in '/home/robotics/Prácticas/Robotica2026-2/proyecto_ws/src/robot_bringup' returned '1': DEBUGINFOD_URLS=https://debuginfod.ubuntu.com PYTHONPATH=/home/robotics/Prácticas/Robotica2026-2/proyecto_ws/build/robot_bringup/prefix_override:/usr/lib/python3/dist-packages/colcon_core/task/python/colcon_distutils_commands:/home/robotics/Prácticas/Robotica2026-2/proyecto_ws/install/robot_bringup/lib/python3.12/site-packages:${PYTHONPATH} /usr/bin/python3 -W ignore:setup.py install is deprecated -W ignore:easy_install command is deprecated setup.py egg_info --egg-base ../../build/robot_bringup build --build-base /home/robotics/Prácticas/Robotica2026-2/proyecto_ws/build/robot_bringup/build install --record /home/robotics/Prácticas/Robotica2026-2/proyecto_ws/build/robot_bringup/install.log --single-version-externally-managed install_data
