[1.779s] Invoking command in '/home/robotics/Prácticas/Robotica2026-2/proyecto_ws/src/robot_kinematics': DEBUGINFOD_URLS=https://debuginfod.ubuntu.com PYTHONPATH=/home/robotics/Prácticas/Robotica2026-2/proyecto_ws/build/robot_kinematics/prefix_override:/usr/lib/python3/dist-packages/colcon_core/task/python/colcon_distutils_commands:/home/robotics/Prácticas/Robotica2026-2/proyecto_ws/install/robot_kinematics/lib/python3.12/site-packages:${PYTHONPATH} /usr/bin/python3 -W ignore:setup.py install is deprecated -W ignore:easy_install command is deprecated setup.py egg_info --egg-base ../../build/robot_kinematics build --build-base /home/robotics/Prácticas/Robotica2026-2/proyecto_ws/build/robot_kinematics/build install --record /home/robotics/Prácticas/Robotica2026-2/proyecto_ws/build/robot_kinematics/install.log --single-version-externally-managed install_data
[2.165s] running egg_info
[2.195s] writing ../../build/robot_kinematics/robot_kinematics.egg-info/PKG-INFO
[2.196s] writing dependency_links to ../../build/robot_kinematics/robot_kinematics.egg-info/dependency_links.txt
[2.196s] writing entry points to ../../build/robot_kinematics/robot_kinematics.egg-info/entry_points.txt
[2.196s] writing requirements to ../../build/robot_kinematics/robot_kinematics.egg-info/requires.txt
[2.197s] writing top-level names to ../../build/robot_kinematics/robot_kinematics.egg-info/top_level.txt
[2.260s] reading manifest file '../../build/robot_kinematics/robot_kinematics.egg-info/SOURCES.txt'
[2.261s] writing manifest file '../../build/robot_kinematics/robot_kinematics.egg-info/SOURCES.txt'
[2.262s] running build
[2.262s] running build_py
[2.262s] copying robot_kinematics/robot_trajectory_publisher.py -> /home/robotics/Prácticas/Robotica2026-2/proyecto_ws/build/robot_kinematics/build/lib/robot_kinematics
[2.262s] running install
[2.271s] running install_lib
[2.302s] copying /home/robotics/Prácticas/Robotica2026-2/proyecto_ws/build/robot_kinematics/build/lib/robot_kinematics/robot_trajectory_publisher.py -> /home/robotics/Prácticas/Robotica2026-2/proyecto_ws/install/robot_kinematics/lib/python3.12/site-packages/robot_kinematics
[2.303s] byte-compiling /home/robotics/Prácticas/Robotica2026-2/proyecto_ws/install/robot_kinematics/lib/python3.12/site-packages/robot_kinematics/robot_trajectory_publisher.py to robot_trajectory_publisher.cpython-312.pyc
[2.306s] running install_data
[2.306s] running install_egg_info
[2.340s] removing '/home/robotics/Prácticas/Robotica2026-2/proyecto_ws/install/robot_kinematics/lib/python3.12/site-packages/robot_kinematics-0.0.0-py3.12.egg-info' (and everything under it)
[2.340s] Copying ../../build/robot_kinematics/robot_kinematics.egg-info to /home/robotics/Prácticas/Robotica2026-2/proyecto_ws/install/robot_kinematics/lib/python3.12/site-packages/robot_kinematics-0.0.0-py3.12.egg-info
[2.341s] running install_scripts
[2.537s] Installing trajectory_publisher script to /home/robotics/Prácticas/Robotica2026-2/proyecto_ws/install/robot_kinematics/lib/robot_kinematics
[2.537s] writing list of installed files to '/home/robotics/Prácticas/Robotica2026-2/proyecto_ws/build/robot_kinematics/install.log'
[2.591s] Invoked command in '/home/robotics/Prácticas/Robotica2026-2/proyecto_ws/src/robot_kinematics' returned '0': DEBUGINFOD_URLS=https://debuginfod.ubuntu.com PYTHONPATH=/home/robotics/Prácticas/Robotica2026-2/proyecto_ws/build/robot_kinematics/prefix_override:/usr/lib/python3/dist-packages/colcon_core/task/python/colcon_distutils_commands:/home/robotics/Prácticas/Robotica2026-2/proyecto_ws/install/robot_kinematics/lib/python3.12/site-packages:${PYTHONPATH} /usr/bin/python3 -W ignore:setup.py install is deprecated -W ignore:easy_install command is deprecated setup.py egg_info --egg-base ../../build/robot_kinematics build --build-base /home/robotics/Prácticas/Robotica2026-2/proyecto_ws/build/robot_kinematics/build install --record /home/robotics/Prácticas/Robotica2026-2/proyecto_ws/build/robot_kinematics/install.log --single-version-externally-managed install_data
